Component: ARM Compiler 5.06 update 7 (build 960) Tool: armlink [4d3601]

==============================================================================

Section Cross References

    main.o(i.handerLowPowerConsumption) refers to nrf_pwr_mgmt.o(i.nrf_pwr_mgmt_init) for nrf_pwr_mgmt_init
    main.o(i.handerLowPowerConsumption) refers to nrf_pwr_mgmt.o(i.nrf_pwr_mgmt_run) for nrf_pwr_mgmt_run
    main.o(i.initPeripherals) refers to port.o(i.initNRF52Port) for initNRF52Port
    main.o(i.initPeripherals) refers to uart.o(i.initUART) for initUART
    main.o(i.initPeripherals) refers to rtt.o(i.initSeggerRTT) for initSeggerRTT
    main.o(i.initPeripherals) refers to i2c.o(i.initI2C) for initI2C
    main.o(i.initPeripherals) refers to pinchangeinterrupt.o(i.initPinChangeInterrupt) for initPinChangeInterrupt
    main.o(i.initPeripherals) refers to main.o(i.nrf_delay_ms) for nrf_delay_ms
    main.o(i.initPeripherals) refers to nrf_log_frontend.o(i.nrf_log_frontend_std_0) for nrf_log_frontend_std_0
    main.o(i.initPeripherals) refers to nrf_log_frontend.o(i.nrf_log_frontend_dequeue) for nrf_log_frontend_dequeue
    main.o(i.initPeripherals) refers to nrf_log_frontend.o(log_const_data) for m_nrf_log_app_logs_data_const
    main.o(i.initSensors) refers to bma456.o(i.initBMA456) for initBMA456
    main.o(i.initSensors) refers to main.o(i.nrf_delay_ms) for nrf_delay_ms
    main.o(i.initSensors) refers to nrf_log_frontend.o(i.nrf_log_frontend_std_0) for nrf_log_frontend_std_0
    main.o(i.initSensors) refers to nrf_log_frontend.o(i.nrf_log_frontend_dequeue) for nrf_log_frontend_dequeue
    main.o(i.initSensors) refers to nrf_log_frontend.o(log_const_data) for m_nrf_log_app_logs_data_const
    main.o(i.main) refers to main.o(i.handerLowPowerConsumption) for handerLowPowerConsumption
    main.o(i.main) refers to main.o(i.initPeripherals) for initPeripherals
    main.o(i.main) refers to main.o(i.initSensors) for initSensors
    main.o(i.main) refers to pinchangeinterrupt.o(i.isBMA456ReadyPin100Hz) for isBMA456ReadyPin100Hz
    main.o(i.main) refers to bma456.o(i.BMA456) for BMA456
    main.o(i.main) refers to pinchangeinterrupt.o(i.disableBMA456ReadyPin100Hz) for disableBMA456ReadyPin100Hz
    main.o(i.nrf_delay_ms) refers to main.o(.constdata) for .constdata
    boards.o(i.bsp_board_button_idx_to_pin) refers to boards.o(.constdata) for .constdata
    boards.o(i.bsp_board_button_state_get) refers to boards.o(.constdata) for .constdata
    boards.o(i.bsp_board_init) refers to boards.o(i.nrf_gpio_cfg) for nrf_gpio_cfg
    boards.o(i.bsp_board_init) refers to boards.o(i.bsp_board_leds_off) for bsp_board_leds_off
    boards.o(i.bsp_board_init) refers to boards.o(.constdata) for .constdata
    boards.o(i.bsp_board_led_idx_to_pin) refers to boards.o(.constdata) for .constdata
    boards.o(i.bsp_board_led_invert) refers to boards.o(.constdata) for .constdata
    boards.o(i.bsp_board_led_off) refers to boards.o(i.nrf_gpio_pin_write) for nrf_gpio_pin_write
    boards.o(i.bsp_board_led_off) refers to boards.o(.constdata) for .constdata
    boards.o(i.bsp_board_led_on) refers to boards.o(i.nrf_gpio_pin_write) for nrf_gpio_pin_write
    boards.o(i.bsp_board_led_on) refers to boards.o(.constdata) for .constdata
    boards.o(i.bsp_board_led_state_get) refers to boards.o(.constdata) for .constdata
    boards.o(i.bsp_board_leds_off) refers to boards.o(i.bsp_board_led_off) for bsp_board_led_off
    boards.o(i.bsp_board_leds_on) refers to boards.o(i.bsp_board_led_on) for bsp_board_led_on
    boards.o(i.bsp_board_pin_to_button_idx) refers to boards.o(.constdata) for .constdata
    boards.o(i.bsp_board_pin_to_led_idx) refers to boards.o(.constdata) for .constdata
    nrf_drv_ppi.o(i.nrf_drv_ppi_init) refers to nrf_drv_ppi.o(.data) for .data
    nrf_drv_ppi.o(i.nrf_drv_ppi_uninit) refers to nrfx_ppi.o(i.nrfx_ppi_free_all) for nrfx_ppi_free_all
    nrf_drv_ppi.o(i.nrf_drv_ppi_uninit) refers to nrf_drv_ppi.o(.data) for .data
    nrfx_atomic.o(i.nrfx_atomic_flag_clear) refers to nrfx_atomic.o(i.nrfx_atomic_u32_and) for nrfx_atomic_u32_and
    nrfx_atomic.o(i.nrfx_atomic_flag_clear_fetch) refers to nrfx_atomic.o(i.nrfx_atomic_u32_fetch_and) for nrfx_atomic_u32_fetch_and
    nrfx_atomic.o(i.nrfx_atomic_flag_set) refers to nrfx_atomic.o(i.nrfx_atomic_u32_or) for nrfx_atomic_u32_or
    nrfx_atomic.o(i.nrfx_atomic_flag_set_fetch) refers to nrfx_atomic.o(i.nrfx_atomic_u32_fetch_or) for nrfx_atomic_u32_fetch_or
    nrfx_atomic.o(i.nrfx_atomic_u32_add) refers to nrfx_atomic.o(.emb_text) for __asm___13_nrfx_atomic_c_3bd32246__nrfx_atomic_internal_add
    nrfx_atomic.o(i.nrfx_atomic_u32_and) refers to nrfx_atomic.o(.emb_text) for __asm___13_nrfx_atomic_c_3bd32246__nrfx_atomic_internal_and
    nrfx_atomic.o(i.nrfx_atomic_u32_cmp_exch) refers to nrfx_atomic.o(.emb_text) for __asm___13_nrfx_atomic_c_3bd32246__nrfx_atomic_internal_cmp_exch
[...]
    log_const_data                           0x0000418c   Section        8  nrfx_timer.o(log_const_data)
    __tagsym$$used                           0x0000418c   Number         0  nrfx_timer.o(log_const_data)
    log_const_data                           0x00004194   Section        8  nrfx_twim.o(log_const_data)
    __tagsym$$used                           0x00004194   Number         0  nrfx_twim.o(log_const_data)
    log_const_data                           0x0000419c   Section        8  nrfx_uarte.o(log_const_data)
    __tagsym$$used                           0x0000419c   Number         0  nrfx_uarte.o(log_const_data)
    log_const_data                           0x000041a4   Section        8  nrfx_uart.o(log_const_data)
    __tagsym$$used                           0x000041a4   Number         0  nrfx_uart.o(log_const_data)
    log_const_data                           0x000041ac   Section        8  nrfx_prs.o(log_const_data)
    __tagsym$$used                           0x000041ac   Number         0  nrfx_prs.o(log_const_data)
    log_const_data                           0x000041b4   Section        8  nrfx_saadc.o(log_const_data)
    __tagsym$$used                           0x000041b4   Number         0  nrfx_saadc.o(log_const_data)
    log_const_data                           0x000041bc   Section        8  nrfx_spim.o(log_const_data)
    __tagsym$$used                           0x000041bc   Number         0  nrfx_spim.o(log_const_data)
    log_const_data                           0x000041c4   Section        8  nrf_pwr_mgmt.o(log_const_data)
    __tagsym$$used                           0x000041c4   Number         0  nrf_pwr_mgmt.o(log_const_data)
    log_const_data                           0x000041cc   Section        8  app_button.o(log_const_data)
    __tagsym$$used                           0x000041cc   Number         0  app_button.o(log_const_data)
    log_const_data                           0x000041d4   Section        8  nrf_sortlist.o(log_const_data)
    __tagsym$$used                           0x000041d4   Number         0  nrf_sortlist.o(log_const_data)
    log_const_data                           0x000041dc   Section        8  app_timer2.o(log_const_data)
    __tagsym$$used                           0x000041dc   Number         0  app_timer2.o(log_const_data)
    log_const_data                           0x000041e4   Section        8  nrf_log_frontend.o(log_const_data)
    __tagsym$$used                           0x000041e4   Number         0  nrf_log_frontend.o(log_const_data)
    nrf_balloc                               0x000041ec   Section       20  nrf_log_frontend.o(nrf_balloc)
    __tagsym$$used                           0x000041ec   Number         0  nrf_log_frontend.o(nrf_balloc)
    .data                                    0x20000000   Section       16  nrf_drv_twi.o(.data)
    m_handlers                               0x20000000   Data           8  nrf_drv_twi.o(.data)
    m_contexts                               0x20000008   Data           8  nrf_drv_twi.o(.data)
    .data                                    0x20000010   Section       12  nrf_drv_uart.o(.data)
    m_handlers                               0x20000014   Data           4  nrf_drv_uart.o(.data)
    m_contexts                               0x20000018   Data           4  nrf_drv_uart.o(.data)
    .data                                    0x2000001c   Section        8  nrfx_prs.o(.data)
    m_prs_box_4                              0x2000001c   Data           8  nrfx_prs.o(.data)
    .data                                    0x20000024   Section        4  app_util_platform.o(.data)
    m_in_critical_region                     0x20000024   Data           4  app_util_platform.o(.data)
    .data                                    0x20000028   Section        8  nrf_pwr_mgmt.o(.data)
    m_pwr_mgmt_evt                           0x20000028   Data           1  nrf_pwr_mgmt.o(.data)
    m_shutdown_started                       0x20000029   Data           1  nrf_pwr_mgmt.o(.data)
    m_sysoff_mtx                             0x2000002c   Data           4  nrf_pwr_mgmt.o(.data)
    .data                                    0x20000030   Section       28  app_uart_fifo.o(.data)
    tx_buffer                                0x20000030   Data           1  app_uart_fifo.o(.data)
    rx_buffer                                0x20000031   Data           1  app_uart_fifo.o(.data)
    m_rx_ovf                                 0x20000032   Data           1  app_uart_fifo.o(.data)
    m_event_handler                          0x20000034   Data           4  app_uart_fifo.o(.data)
    app_uart_inst                            0x20000038   Data          20  app_uart_fifo.o(.data)
    .data                                    0x2000004c   Section       12  drv_rtc.o(.data)
    m_handlers                               0x2000004c   Data           4  drv_rtc.o(.data)
    m_cb                                     0x20000050   Data           8  drv_rtc.o(.data)
    .data                                    0x20000058   Section        1  nrf_log_backend_rtt.o(.data)
    m_host_present                           0x20000058   Data           1  nrf_log_backend_rtt.o(.data)
    .data                                    0x2000005c   Section        8  nrf_log_default_backends.o(.data)
    log_backend_cb_rtt_log_backend           0x2000005c   Data           8  nrf_log_default_backends.o(.data)
    .data                                    0x20000064   Section        4  nrf_log_frontend.o(.data)
    m_buffer_mask                            0x20000064   Data           4  nrf_log_frontend.o(.data)
    .data                                    0x20000068   Section        8  nrf_log_frontend.o(.data)
    log_mempool_nrf_balloc_pool_stack        0x20000068   Data           8  nrf_log_frontend.o(.data)
    .data                                    0x20000070   Section        8  nrf_log_frontend.o(.data)
    log_mempool_nrf_balloc_cb                0x20000070   Data           8  nrf_log_frontend.o(.data)
    .data                                    0x20000078   Section       64  nrf_log_str_formatter.o(.data)
    m_freq                                   0x20000078   Data           4  nrf_log_str_formatter.o(.data)
    m_timestamp_div                          0x2000007c   Data           4  nrf_log_str_formatter.o(.data)
    severity_names                           0x20000080   Data          20  nrf_log_str_formatter.o(.data)
    m_colors                                 0x20000094   Data          36  nrf_log_str_formatter.o(.data)
    .data                                    0x200000b8   Section       12  bma456.o(.data)
    accX                                     0x200000b8   Data           2  bma456.o(.data)
    accY                                     0x200000ba   Data           2  bma456.o(.data)
    accZ                                     0x200000bc   Data           2  bma456.o(.data)
    accXYZRaw                                0x200000be   Data           6  bma456.o(.data)
    .data                                    0x200000c4   Section       20  i2c.o(.data)
    m_xfer_done                              0x200000c4   Data           1  i2c.o(.data)
    I2C0                                     0x200000c8   Data          16  i2c.o(.data)
    .data                                    0x200000d8   Section        2  pinchangeinterrupt.o(.data)
    .data                                    0x200000dc   Section        4  system_nrf52.o(.data)
    __tagsym$$used                           0x200000dc   Number         0  system_nrf52.o(.data)
    .bss                                     0x200000e0   Section       92  nrfx_gpiote.o(.bss)
    m_cb                                     0x200000e0   Data          92  nrfx_gpiote.o(.bss)
    .bss                                     0x2000013c   Section       48  nrfx_timer.o(.bss)
    m_cb                                     0x2000013c   Data          48  nrfx_timer.o(.bss)
    .bss                                     0x2000016c   Section       52  nrfx_twim.o(.bss)
    m_cb                                     0x2000016c   Data          52  nrfx_twim.o(.bss)
    .bss                                     0x200001a0   Section       36  nrfx_uarte.o(.bss)
    m_cb                                     0x200001a0   Data          36  nrfx_uarte.o(.bss)
    .bss                                     0x200001c4   Section       44  nrfx_uart.o(.bss)
    m_cb                                     0x200001c4   Data          44  nrfx_uart.o(.bss)
    .bss                                     0x200001f0   Section       48  nrfx_saadc.o(.bss)
    m_cb                                     0x200001f0   Data          48  nrfx_saadc.o(.bss)
    .bss                                     0x20000220   Section       36  nrfx_spim.o(.bss)
    m_cb                                     0x20000220   Data          36  nrfx_spim.o(.bss)
    .bss                                     0x20000244   Section       12  nrf_pwr_mgmt.o(.bss)
    m_handlers_iter                          0x20000244   Data          12  nrf_pwr_mgmt.o(.bss)
    .bss                                     0x20000250   Section       32  app_uart_fifo.o(.bss)
    m_rx_fifo                                0x20000250   Data          16  app_uart_fifo.o(.bss)
    m_tx_fifo                                0x20000260   Data          16  app_uart_fifo.o(.bss)
    .bss                                     0x20000270   Section       64  nrf_log_backend_rtt.o(.bss)
    m_string_buff                            0x20000270   Data          64  nrf_log_backend_rtt.o(.bss)
    .bss                                     0x200002b0   Section      192  nrf_log_frontend.o(.bss)
    log_mempool_nrf_balloc_pool_mem          0x200002b0   Data         192  nrf_log_frontend.o(.bss)
    .bss                                     0x20000370   Section      128  nrf_log_frontend.o(.bss)
    m_log_push_ringbuf_buf                   0x20000370   Data         128  nrf_log_frontend.o(.bss)
    .bss                                     0x200003f0   Section       24  nrf_log_frontend.o(.bss)
    m_log_push_ringbuf_cb                    0x200003f0   Data          24  nrf_log_frontend.o(.bss)
    .bss                                     0x20000408   Section     1056  nrf_log_frontend.o(.bss)
    m_log_data                               0x20000408   Data        1056  nrf_log_frontend.o(.bss)
    .bss                                     0x20000828   Section      648  segger_rtt.o(.bss)
    _acUpBuffer                              0x200008a0   Data         512  segger_rtt.o(.bss)
    _acDownBuffer                            0x20000aa0   Data          16  segger_rtt.o(.bss)
    .bss                                     0x20000ab0   Section      512  uart.o(.bss)
    rx_buf                                   0x20000ab0   Data         256  uart.o(.bss)
    tx_buf                                   0x20000bb0   Data         256  uart.o(.bss)
    .bss                                     0x20000cb0   Section       96  libspace.o(.bss)
    HEAP                                     0x20000d10   Section     4096  arm_startup_nrf52.o(HEAP)
    Heap_Mem                                 0x20000d10   Data        4096  arm_startup_nrf52.o(HEAP)
    STACK                                    0x20001d10   Section     4096  arm_startup_nrf52.o(STACK)
    Stack_Mem                                0x20001d10   Data        4096  arm_startup_nrf52.o(STACK)
    __initial_sp                             0x20002d10   Data           0  arm_startup_nrf52.o(STACK)

    Global Symbols

    Symbol Name                              Value     Ov Type        Size  Object(Section)

    BuildAttributes$$THM_ISAv4$E$P$D$K$B$S$7EM$VFPi3$EXTD16$VFPS$VFMA$PE$A:L22UL41UL21$X:L11$S22US41US21$IEEE1$IW$USESV6$~STKCKD$USESV7$~SHL$OSPACE$ROPI$EBA8$UX$STANDARDLIB$REQ8$EABIv2 0x00000000   Number         0  anon$$obj.o ABSOLUTE
    __ARM_use_no_argv                        0x00000000   Number         0  main.o ABSOLUTE
    __Vectors                                0x00000000   Data           4  arm_startup_nrf52.o(RESET)
    __ARM_exceptions_init                     - Undefined Weak Reference
    __alloca_initialize                       - Undefined Weak Reference
    __arm_fini_                               - Undefined Weak Reference
    __arm_preinit_                            - Undefined Weak Reference
    __cpp_initialize__aeabi_                  - Undefined Weak Reference
    __cxa_finalize                            - Undefined Weak Reference
    __sigvec_lookup                           - Undefined Weak Reference
    _atexit_init                              - Undefined Weak Reference
    _call_atexit_fns                          - Undefined Weak Reference
    _clock_init                               - Undefined Weak Reference
    _fp_trap_init                             - Undefined Weak Reference
    _fp_trap_shutdown                         - Undefined Weak Reference
    _get_lc_collate                           - Undefined Weak Reference
    _get_lc_monetary                          - Undefined Weak Reference
    _get_lc_numeric                           - Undefined Weak Reference
    _get_lc_time                              - Undefined Weak Reference
    _getenv_init                              - Undefined Weak Reference
    _handle_redirection                       - Undefined Weak Reference
    _init_alloc                               - Undefined Weak Reference
    _init_user_alloc                          - Undefined Weak Reference
    _initio                                   - Undefined Weak Reference
    _rand_init                                - Undefined Weak Reference
    _signal_finish                            - Undefined Weak Reference
    _signal_init                              - Undefined Weak Reference
    _terminate_alloc                          - Undefined Weak Reference
    _terminate_user_alloc                     - Undefined Weak Reference
    _terminateio                              - Undefined Weak Reference
    log_dynamic_data$$Base                    - Undefined Reference
    pwr_mgmt_data0$$Base                      - Undefined Reference
    pwr_mgmt_data0$$Limit                     - Undefined Reference
    pwr_mgmt_data1$$Base                      - Undefined Reference
    pwr_mgmt_data1$$Limit                     - Undefined Reference
    pwr_mgmt_data2$$Base                      - Undefined Reference
    pwr_mgmt_data2$$Limit                     - Undefined Reference
    __Vectors_End                            0x00000200   Data           0  arm_startup_nrf52.o(RESET)
    __Vectors_Size                           0x00000200   Number         0  arm_startup_nrf52.o ABSOLUTE
    __main                                   0x00000201   Thumb Code     8  __main.o(!!!main)
    __scatterload                            0x00000209   Thumb Code     0  __scatter.o(!!!scatter)
    __scatterload_rt2                        0x00000209   Thumb Code    44  __scatter.o(!!!scatter)
    __scatterload_rt2_thumb_only             0x00000209   Thumb Code     0  __scatter.o(!!!scatter)
    __scatterload_null                       0x00000217   Thumb Code     0  __scatter.o(!!!scatter)
    __scatterload_copy                       0x0000023d   Thumb Code    26  __scatter_copy.o(!!handler_copy)
    __scatterload_zeroinit                   0x00000259   Thumb Code    28  __scatter_zi.o(!!handler_zi)
    __rt_lib_init                            0x00000275   Thumb Code     0  libinit.o(.ARM.Collect$$libinit$$00000000)
    __rt_lib_init_fp_1                       0x00000277   Thumb Code     0  libinit2.o(.ARM.Collect$$libinit$$00000001)
    __rt_lib_init_heap_1                     0x0000027b   Thumb Code     0  libinit2.o(.ARM.Collect$$libinit$$0000000A)
    __rt_lib_init_lc_common                  0x0000027b   Thumb Code     0  libinit2.o(.ARM.Collect$$libinit$$0000000F)
    __rt_lib_init_preinit_1                  0x0000027b   Thumb Code     0  libinit2.o(.ARM.Collect$$libinit$$00000004)
    __rt_lib_init_rand_1                     0x0000027b   Thumb Code     0  libinit2.o(.ARM.Collect$$libinit$$0000000E)
    __rt_lib_init_user_alloc_1               0x0000027b   Thumb Code     0  libinit2.o(.ARM.Collect$$libinit$$0000000C)
    __rt_lib_init_lc_collate_1               0x00000281   Thumb Code     0  libinit2.o(.ARM.Collect$$libinit$$00000011)
    __rt_lib_init_lc_ctype_2                 0x00000281   Thumb Code     0  libinit2.o(.ARM.Collect$$libinit$$00000012)
    __rt_lib_init_alloca_1                   0x0000028d   Thumb Code     0  libinit2.o(.ARM.Collect$$libinit$$0000002E)
    __rt_lib_init_argv_1                     0x0000028d   Thumb Code     0  libinit2.o(.ARM.Collect$$libinit$$0000002C)
    __rt_lib_init_atexit_1                   0x0000028d   Thumb Code     0  libinit2.o(.ARM.Collect$$libinit$$0000001B)
    __rt_lib_init_clock_1                    0x0000028d   Thumb Code     0  libinit2.o(.ARM.Collect$$libinit$$00000021)
    __rt_lib_init_cpp_1                      0x0000028d   Thumb Code     0  libinit2.o(.ARM.Collect$$libinit$$00000032)
    __rt_lib_init_exceptions_1               0x0000028d   Thumb Code     0  libinit2.o(.ARM.Collect$$libinit$$00000030)
    __rt_lib_init_fp_trap_1                  0x0000028d   Thumb Code     0  libinit2.o(.ARM.Collect$$libinit$$0000001F)
    __rt_lib_init_getenv_1                   0x0000028d   Thumb Code     0  libinit2.o(.ARM.Collect$$libinit$$00000023)
    __rt_lib_init_lc_ctype_1                 0x0000028d   Thumb Code     0  libinit2.o(.ARM.Collect$$libinit$$00000013)
    __rt_lib_init_lc_monetary_1              0x0000028d   Thumb Code     0  libinit2.o(.ARM.Collect$$libinit$$00000015)
    __rt_lib_init_lc_numeric_1               0x0000028d   Thumb Code     0  libinit2.o(.ARM.Collect$$libinit$$00000017)
    __rt_lib_init_lc_time_1                  0x0000028d   Thumb Code     0  libinit2.o(.ARM.Collect$$libinit$$00000019)
    __rt_lib_init_return                     0x0000028d   Thumb Code     0  libinit2.o(.ARM.Collect$$libinit$$00000033)
    __rt_lib_init_signal_1                   0x0000028d   Thumb Code     0  libinit2.o(.ARM.Collect$$libinit$$0000001D)
    __rt_lib_init_stdio_1                    0x0000028d   Thumb Code     0  libinit2.o(.ARM.Collect$$libinit$$00000025)
    __rt_lib_shutdown                        0x0000028f   Thumb Code     0  libshutdown.o(.ARM.Collect$$libshutdown$$00000000)
    __rt_lib_shutdown_cpp_1                  0x00000291   Thumb Code     0  libshutdown2.o(.ARM.Collect$$libshutdown$$00000004)
    __rt_lib_shutdown_fini_1                 0x00000291   Thumb Code     0  libshutdown2.o(.ARM.Collect$$libshutdown$$00000002)
    __rt_lib_shutdown_fp_trap_1              0x00000291   Thumb Code     0  libshutdown2.o(.ARM.Collect$$libshutdown$$00000009)
    __rt_lib_shutdown_heap_1                 0x00000291   Thumb Code     0  libshutdown2.o(.ARM.Collect$$libshutdown$$00000011)
    __rt_lib_shutdown_return                 0x00000291   Thumb Code     0  libshutdown2.o(.ARM.Collect$$libshutdown$$00000012)
    __rt_lib_shutdown_signal_1               0x00000291   Thumb Code     0  libshutdown2.o(.ARM.Collect$$libshutdown$$0000000C)
    __rt_lib_shutdown_stdio_1                0x00000291   Thumb Code     0  libshutdown2.o(.ARM.Collect$$libshutdown$$00000006)
    __rt_lib_shutdown_user_alloc_1           0x00000291   Thumb Code     0  libshutdown2.o(.ARM.Collect$$libshutdown$$0000000E)
    __rt_entry                               0x00000293   Thumb Code     0  __rtentry.o(.ARM.Collect$$rtentry$$00000000)
    __rt_entry_presh_1                       0x00000293   Thumb Code     0  __rtentry2.o(.ARM.Collect$$rtentry$$00000002)
    __rt_entry_sh                            0x00000293   Thumb Code     0  __rtentry4.o(.ARM.Collect$$rtentry$$00000004)
    __rt_entry_li                            0x00000299   Thumb Code     0  __rtentry2.o(.ARM.Collect$$rtentry$$0000000A)
    __rt_entry_postsh_1                      0x00000299   Thumb Code     0  __rtentry2.o(.ARM.Collect$$rtentry$$00000009)
    __rt_entry_main                          0x0000029d   Thumb Code     0  __rtentry2.o(.ARM.Collect$$rtentry$$0000000D)
    __rt_entry_postli_1                      0x0000029d   Thumb Code     0  __rtentry2.o(.ARM.Collect$$rtentry$$0000000C)
    __rt_exit                                0x000002a5   Thumb Code     0  rtexit.o(.ARM.Collect$$rtexit$$00000000)
    __rt_exit_ls                             0x000002a7   Thumb Code     0  rtexit2.o(.ARM.Collect$$rtexit$$00000003)
    __rt_exit_prels_1                        0x000002a7   Thumb Code     0  rtexit2.o(.ARM.Collect$$rtexit$$00000002)
    __rt_exit_exit                           0x000002ab   Thumb Code     0  rtexit2.o(.ARM.Collect$$rtexit$$00000004)
    __asm___12_nrf_atomic_c_85ca2469__nrf_atomic_internal_mov 0x000002b1   Thumb Code    24  nrf_atomic.o(.emb_text)
    __asm___12_nrf_atomic_c_85ca2469__nrf_atomic_internal_orr 0x000002c9   Thumb Code    26  nrf_atomic.o(.emb_text)
    __asm___12_nrf_atomic_c_85ca2469__nrf_atomic_internal_and 0x000002e3   Thumb Code    26  nrf_atomic.o(.emb_text)
    __asm___12_nrf_atomic_c_85ca2469__nrf_atomic_internal_eor 0x000002fd   Thumb Code    26  nrf_atomic.o(.emb_text)
    __asm___12_nrf_atomic_c_85ca2469__nrf_atomic_internal_add 0x00000317   Thumb Code    26  nrf_atomic.o(.emb_text)
    __asm___12_nrf_atomic_c_85ca2469__nrf_atomic_internal_sub 0x00000331   Thumb Code    26  nrf_atomic.o(.emb_text)
    __asm___12_nrf_atomic_c_85ca2469__nrf_atomic_internal_cmp_exch 0x0000034b   Thumb Code    42  nrf_atomic.o(.emb_text)
    __asm___12_nrf_atomic_c_85ca2469__nrf_atomic_internal_sub_hs 0x00000375   Thumb Code    30  nrf_atomic.o(.emb_text)
    Reset_Handler                            0x00000395   Thumb Code     8  arm_startup_nrf52.o(.text)
    NMI_Handler                              0x0000039d   Thumb Code     2  arm_startup_nrf52.o(.text)
    HardFault_Handler                        0x0000039f   Thumb Code     2  arm_startup_nrf52.o(.text)
    MemoryManagement_Handler                 0x000003a1   Thumb Code     2  arm_startup_nrf52.o(.text)
    BusFault_Handler                         0x000003a3   Thumb Code     2  arm_startup_nrf52.o(.text)
    UsageFault_Handler                       0x000003a5   Thumb Code     2  arm_startup_nrf52.o(.text)
    SVC_Handler                              0x000003a7   Thumb Code     2  arm_startup_nrf52.o(.text)
    DebugMon_Handler                         0x000003a9   Thumb Code     2  arm_startup_nrf52.o(.text)
    PendSV_Handler                           0x000003ab   Thumb Code     2  arm_startup_nrf52.o(.text)
    SysTick_Handler                          0x000003ad   Thumb Code     2  arm_startup_nrf52.o(.text)
    CCM_AAR_IRQHandler                       0x000003af   Thumb Code     0  arm_startup_nrf52.o(.text)
    COMP_LPCOMP_IRQHandler                   0x000003af   Thumb Code     0  arm_startup_nrf52.o(.text)
    ECB_IRQHandler                           0x000003af   Thumb Code     0  arm_startup_nrf52.o(.text)
    FPU_IRQHandler                           0x000003af   Thumb Code     0  arm_startup_nrf52.o(.text)
    I2S_IRQHandler                           0x000003af   Thumb Code     0  arm_startup_nrf52.o(.text)
    MWU_IRQHandler                           0x000003af   Thumb Code     0  arm_startup_nrf52.o(.text)
    NFCT_IRQHandler                          0x000003af   Thumb Code     0  arm_startup_nrf52.o(.text)
    PDM_IRQHandler                           0x000003af   Thumb Code     0  arm_startup_nrf52.o(.text)
    POWER_CLOCK_IRQHandler                   0x000003af   Thumb Code     0  arm_startup_nrf52.o(.text)
    PWM0_IRQHandler                          0x000003af   Thumb Code     0  arm_startup_nrf52.o(.text)
    PWM1_IRQHandler                          0x000003af   Thumb Code     0  arm_startup_nrf52.o(.text)
    PWM2_IRQHandler                          0x000003af   Thumb Code     0  arm_startup_nrf52.o(.text)
    QDEC_IRQHandler                          0x000003af   Thumb Code     0  arm_startup_nrf52.o(.text)
    RADIO_IRQHandler                         0x000003af   Thumb Code     0  arm_startup_nrf52.o(.text)
    RNG_IRQHandler                           0x000003af   Thumb Code     0  arm_startup_nrf52.o(.text)
    RTC0_IRQHandler                          0x000003af   Thumb Code     0  arm_startup_nrf52.o(.text)
    RTC2_IRQHandler                          0x000003af   Thumb Code     0  arm_startup_nrf52.o(.text)
    SPIM2_SPIS2_SPI2_IRQHandler              0x000003af   Thumb Code     0  arm_startup_nrf52.o(.text)
    SWI0_EGU0_IRQHandler                     0x000003af   Thumb Code     0  arm_startup_nrf52.o(.text)
    SWI1_EGU1_IRQHandler                     0x000003af   Thumb Code     0  arm_startup_nrf52.o(.text)
    SWI2_EGU2_IRQHandler                     0x000003af   Thumb Code     0  arm_startup_nrf52.o(.text)
    SWI3_EGU3_IRQHandler                     0x000003af   Thumb Code     0  arm_startup_nrf52.o(.text)
    SWI4_EGU4_IRQHandler                     0x000003af   Thumb Code     0  arm_startup_nrf52.o(.text)
    SWI5_EGU5_IRQHandler                     0x000003af   Thumb Code     0  arm_startup_nrf52.o(.text)
    TEMP_IRQHandler                          0x000003af   Thumb Code     0  arm_startup_nrf52.o(.text)
    TIMER0_IRQHandler                        0x000003af   Thumb Code     0  arm_startup_nrf52.o(.text)
    WDT_IRQHandler                           0x000003af   Thumb Code     0  arm_startup_nrf52.o(.text)
    __user_initial_stackheap                 0x000003b1   Thumb Code    10  arm_startup_nrf52.o(.text)
    __rt_ctype_table                         0x000003d5   Thumb Code    16  rt_ctype_table.o(.text)
    strcpy                                   0x000003e5   Thumb Code    72  strcpy.o(.text)
    strlen                                   0x0000042d   Thumb Code    62  strlen.o(.text)
    __aeabi_memcpy                           0x0000046b   Thumb Code     0  rt_memcpy_v6.o(.text)
    __rt_memcpy                              0x0000046b   Thumb Code   138  rt_memcpy_v6.o(.text)
    _memcpy_lastbytes                        0x000004d1   Thumb Code     0  rt_memcpy_v6.o(.text)
    __aeabi_memcpy4                          0x000004f5   Thumb Code     0  rt_memcpy_w.o(.text)
    __aeabi_memcpy8                          0x000004f5   Thumb Code     0  rt_memcpy_w.o(.text)
    __rt_memcpy_w                            0x000004f5   Thumb Code   100  rt_memcpy_w.o(.text)
    _memcpy_lastbytes_aligned                0x0000053d   Thumb Code     0  rt_memcpy_w.o(.text)
    __aeabi_memclr4                          0x00000559   Thumb Code     0  rt_memclr_w.o(.text)
    __aeabi_memclr8                          0x00000559   Thumb Code     0  rt_memclr_w.o(.text)
    __rt_memclr_w                            0x00000559   Thumb Code    78  rt_memclr_w.o(.text)
    _memset_w                                0x0000055d   Thumb Code     0  rt_memclr_w.o(.text)
    __use_two_region_memory                  0x000005a7   Thumb Code     2  heapauxi.o(.text)
    __rt_heap_escrow$2region                 0x000005a9   Thumb Code     2  heapauxi.o(.text)
    __rt_heap_expand$2region                 0x000005ab   Thumb Code     2  heapauxi.o(.text)
    __rt_locale                              0x000005ad   Thumb Code     8  rt_locale_intlibspace.o(.text)
    __user_libspace                          0x000005b5   Thumb Code     8  libspace.o(.text)
    __user_perproc_libspace                  0x000005b5   Thumb Code     0  libspace.o(.text)
    __user_perthread_libspace                0x000005b5   Thumb Code     0  libspace.o(.text)
    strcmp                                   0x000005bd   Thumb Code   128  strcmpv7m.o(.text)
    __user_setup_stackheap                   0x0000063d   Thumb Code    74  sys_stackheap_outer.o(.text)
    exit                                     0x00000687   Thumb Code    18  exit.o(.text)
    _sys_exit                                0x00000699   Thumb Code     8  sys_exit.o(.text)
    __I$use$semihosting                      0x000006a5   Thumb Code     0  use_no_semi.o(.text)
    __use_no_semihosting_swi                 0x000006a5   Thumb Code     2  use_no_semi.o(.text)
    __semihosting_library_function           0x000006a7   Thumb Code     0  indicate_semi.o(.text)
    BMA456                                   0x000006a9   Thumb Code    58  bma456.o(i.BMA456)
    GPIOTE_IRQHandler                        0x00000701   Thumb Code   154  nrfx_gpiote.o(i.GPIOTE_IRQHandler)
    HandlerI2C                               0x000007a5   Thumb Code    14  i2c.o(i.HandlerI2C)
    RTC1_IRQHandler                          0x000007b9   Thumb Code    12  drv_rtc.o(i.RTC1_IRQHandler)
    SAADC_IRQHandler                         0x000007c9   Thumb Code   320  nrfx_saadc.o(i.SAADC_IRQHandler)
    SEGGER_RTT_Init                          0x00000911   Thumb Code     4  segger_rtt.o(i.SEGGER_RTT_Init)
    SEGGER_RTT_WriteNoLock                   0x00000915   Thumb Code    86  segger_rtt.o(i.SEGGER_RTT_WriteNoLock)
    SPIM0_SPIS0_TWIM0_TWIS0_SPI0_TWI0_IRQHandler 0x00000971   Thumb Code     8  nrfx_twim.o(i.SPIM0_SPIS0_TWIM0_TWIS0_SPI0_TWI0_IRQHandler)
    SPIM1_SPIS1_TWIM1_TWIS1_SPI1_TWI1_IRQHandler 0x00000981   Thumb Code    78  nrfx_spim.o(i.SPIM1_SPIS1_TWIM1_TWIS1_SPI1_TWI1_IRQHandler)
    SystemInit                               0x000009d5   Thumb Code   660  system_nrf52.o(i.SystemInit)
    TIMER1_IRQHandler                        0x00000cad   Thumb Code    10  nrfx_timer.o(i.TIMER1_IRQHandler)
    TIMER2_IRQHandler                        0x00000cc1   Thumb Code    10  nrfx_timer.o(i.TIMER2_IRQHandler)
    TIMER3_IRQHandler                        0x00000cd5   Thumb Code    10  nrfx_timer.o(i.TIMER3_IRQHandler)
    TIMER4_IRQHandler                        0x00000ce9   Thumb Code    10  nrfx_timer.o(i.TIMER4_IRQHandler)
    UARTE0_UART0_IRQHandler                  0x00000cfd   Thumb Code     6  nrfx_prs.o(i.UARTE0_UART0_IRQHandler)
    app_error_fault_handler                  0x00000e3d   Thumb Code    86  app_error_weak.o(i.app_error_fault_handler)
    app_error_handler_bare                   0x00000ec1   Thumb Code    22  app_error.o(i.app_error_handler_bare)
    app_fifo_get                             0x00000ed7   Thumb Code    22  app_fifo.o(i.app_fifo_get)
    app_fifo_init                            0x00000eed   Thumb Code    32  app_fifo.o(i.app_fifo_init)
    app_fifo_put                             0x00000f0d   Thumb Code    26  app_fifo.o(i.app_fifo_put)
    app_uart_init                            0x00000f29   Thumb Code   148  app_uart_fifo.o(i.app_uart_init)
    app_util_critical_region_enter           0x00000fcd   Thumb Code     4  app_util_platform.o(i.app_util_critical_region_enter)
    app_util_critical_region_exit            0x00000fd1   Thumb Code     4  app_util_platform.o(i.app_util_critical_region_exit)
    app_util_disable_irq                     0x00000fd5   Thumb Code    12  app_util_platform.o(i.app_util_disable_irq)
    app_util_enable_irq                      0x00000fe5   Thumb Code    14  app_util_platform.o(i.app_util_enable_irq)
    buffer_is_empty                          0x000011c5   Thumb Code    18  nrf_log_frontend.o(i.buffer_is_empty)
    convAccXYZ                               0x00001251   Thumb Code    48  bma456.o(i.convAccXYZ)
    disableBMA456ReadyPin100Hz               0x00001285   Thumb Code     8  pinchangeinterrupt.o(i.disableBMA456ReadyPin100Hz)
    handerLowPowerConsumption                0x000012cd   Thumb Code    18  main.o(i.handerLowPowerConsumption)
    handlerBMA456                            0x000012e5   Thumb Code     8  pinchangeinterrupt.o(i.handlerBMA456)
    initBMA456                               0x000012f1   Thumb Code    80  bma456.o(i.initBMA456)
    initI2C                                  0x00001341   Thumb Code    38  i2c.o(i.initI2C)
    initNRF52Port                            0x00001375   Thumb Code    70  port.o(i.initNRF52Port)
    initPeripherals                          0x000013bd   Thumb Code    58  main.o(i.initPeripherals)
    initPinChangeInterrupt                   0x0000141d   Thumb Code    20  pinchangeinterrupt.o(i.initPinChangeInterrupt)
    initRDYPinBMA456                         0x00001431   Thumb Code    40  pinchangeinterrupt.o(i.initRDYPinBMA456)
    initSeggerRTT                            0x00001461   Thumb Code    26  rtt.o(i.initSeggerRTT)
    initSensors                              0x0000147d   Thumb Code    42  main.o(i.initSensors)
    initUART                                 0x000014c9   Thumb Code    54  uart.o(i.initUART)
    isBMA456ReadyPin100Hz                    0x000016bd   Thumb Code     6  pinchangeinterrupt.o(i.isBMA456ReadyPin100Hz)
    log_pending_hook                         0x000016c9   Thumb Code     2  nrf_log_frontend.o(i.log_pending_hook)
    main                                     0x00001771   Thumb Code    30  main.o(i.main)
    nrf_atomic_flag_clear_fetch              0x0000183d   Thumb Code     6  nrf_atomic.o(i.nrf_atomic_flag_clear_fetch)
    nrf_atomic_flag_set                      0x00001843   Thumb Code     6  nrf_atomic.o(i.nrf_atomic_flag_set)
    nrf_atomic_u32_add                       0x00001849   Thumb Code    12  nrf_atomic.o(i.nrf_atomic_u32_add)
    nrf_atomic_u32_fetch_and                 0x00001855   Thumb Code    10  nrf_atomic.o(i.nrf_atomic_u32_fetch_and)
    nrf_atomic_u32_fetch_store               0x0000185f   Thumb Code    10  nrf_atomic.o(i.nrf_atomic_u32_fetch_store)
    nrf_atomic_u32_or                        0x00001869   Thumb Code    12  nrf_atomic.o(i.nrf_atomic_u32_or)
    nrf_atomic_u32_sub                       0x00001875   Thumb Code    12  nrf_atomic.o(i.nrf_atomic_u32_sub)
    nrf_balloc_alloc                         0x00001881   Thumb Code    62  nrf_balloc.o(i.nrf_balloc_alloc)
    nrf_balloc_free                          0x000018bf   Thumb Code    42  nrf_balloc.o(i.nrf_balloc_free)
    nrf_balloc_init                          0x000018e9   Thumb Code    48  nrf_balloc.o(i.nrf_balloc_init)
    nrf_drv_twi_init                         0x00001949   Thumb Code    56  nrf_drv_twi.o(i.nrf_drv_twi_init)
    nrf_drv_uart_init                        0x00001999   Thumb Code    90  nrf_drv_uart.o(i.nrf_drv_uart_init)
    nrf_fprintf                              0x00001a41   Thumb Code    26  nrf_fprintf.o(i.nrf_fprintf)
    nrf_fprintf_buffer_flush                 0x00001a5b   Thumb Code    24  nrf_fprintf.o(i.nrf_fprintf_buffer_flush)
    nrf_fprintf_fmt                          0x00001a73   Thumb Code   474  nrf_fprintf_format.o(i.nrf_fprintf_fmt)
    nrf_log_backend_add                      0x00001e2d   Thumb Code    86  nrf_log_frontend.o(i.nrf_log_backend_add)
    nrf_log_backend_rtt_init                 0x00001e8b   Thumb Code     4  nrf_log_backend_rtt.o(i.nrf_log_backend_rtt_init)
    nrf_log_backend_serial_put               0x00001ea9   Thumb Code   194  nrf_log_backend_serial.o(i.nrf_log_backend_serial_put)
    nrf_log_color_id_get                     0x00001f6d   Thumb Code    42  nrf_log_frontend.o(i.nrf_log_color_id_get)
    nrf_log_default_backends_init            0x00001f9d   Thumb Code    24  nrf_log_default_backends.o(i.nrf_log_default_backends_init)
    nrf_log_frontend_dequeue                 0x00001fb9   Thumb Code   518  nrf_log_frontend.o(i.nrf_log_frontend_dequeue)
    nrf_log_frontend_std_0                   0x000021e9   Thumb Code     8  nrf_log_frontend.o(i.nrf_log_frontend_std_0)
    nrf_log_frontend_std_3                   0x000021f1   Thumb Code    18  nrf_log_frontend.o(i.nrf_log_frontend_std_3)
    nrf_log_hexdump_entry_process            0x00002205   Thumb Code   150  nrf_log_str_formatter.o(i.nrf_log_hexdump_entry_process)
    nrf_log_init                             0x000022b5   Thumb Code    28  nrf_log_frontend.o(i.nrf_log_init)
    nrf_log_module_cnt_get                   0x000022dd   Thumb Code    10  nrf_log_frontend.o(i.nrf_log_module_cnt_get)
    nrf_log_module_name_get                  0x000022f1   Thumb Code    24  nrf_log_frontend.o(i.nrf_log_module_name_get)
    nrf_log_panic                            0x0000230d   Thumb Code    36  nrf_log_frontend.o(i.nrf_log_panic)
    nrf_log_std_entry_process                0x00002335   Thumb Code   182  nrf_log_str_formatter.o(i.nrf_log_std_entry_process)
    nrf_memobj_alloc                         0x000023eb   Thumb Code    96  nrf_memobj.o(i.nrf_memobj_alloc)
    nrf_memobj_free                          0x0000244b   Thumb Code    50  nrf_memobj.o(i.nrf_memobj_free)
    nrf_memobj_get                           0x0000247d   Thumb Code     8  nrf_memobj.o(i.nrf_memobj_get)
    nrf_memobj_pool_init                     0x00002485   Thumb Code     4  nrf_memobj.o(i.nrf_memobj_pool_init)
    nrf_memobj_put                           0x00002489   Thumb Code    30  nrf_memobj.o(i.nrf_memobj_put)
    nrf_memobj_read                          0x000024a7   Thumb Code    16  nrf_memobj.o(i.nrf_memobj_read)
    nrf_memobj_write                         0x000024b7   Thumb Code    16  nrf_memobj.o(i.nrf_memobj_write)
    nrf_pwr_mgmt_init                        0x000024c9   Thumb Code    28  nrf_pwr_mgmt.o(i.nrf_pwr_mgmt_init)
    nrf_pwr_mgmt_run                         0x000024f1   Thumb Code    46  nrf_pwr_mgmt.o(i.nrf_pwr_mgmt_run)
    nrf_ringbuf_init                         0x00002525   Thumb Code    28  nrf_ringbuf.o(i.nrf_ringbuf_init)
    nrf_section_iter_init                    0x00002575   Thumb Code    10  nrf_section_iter.o(i.nrf_section_iter_init)
    nrfx_gpiote_in_event_enable              0x00002629   Thumb Code   152  nrfx_gpiote.o(i.nrfx_gpiote_in_event_enable)
    nrfx_gpiote_in_init                      0x000026c9   Thumb Code   190  nrfx_gpiote.o(i.nrfx_gpiote_in_init)
    nrfx_gpiote_init                         0x00002795   Thumb Code   102  nrfx_gpiote.o(i.nrfx_gpiote_init)
    nrfx_prs_acquire                         0x00002829   Thumb Code    48  nrfx_prs.o(i.nrfx_prs_acquire)
    nrfx_twim_enable                         0x00002859   Thumb Code    32  nrfx_twim.o(i.nrfx_twim_enable)
    nrfx_twim_init                           0x0000287d   Thumb Code   218  nrfx_twim.o(i.nrfx_twim_init)
    nrfx_twim_rx                             0x00002961   Thumb Code    44  nrfx_twim.o(i.nrfx_twim_rx)
    nrfx_twim_tx                             0x00002991   Thumb Code    54  nrfx_twim.o(i.nrfx_twim_tx)
    nrfx_twim_xfer                           0x000029c9   Thumb Code    34  nrfx_twim.o(i.nrfx_twim_xfer)
    nrfx_uart_0_irq_handler                  0x000029f1   Thumb Code     8  nrfx_uart.o(i.nrfx_uart_0_irq_handler)
    nrfx_uart_init                           0x00002a01   Thumb Code   200  nrfx_uart.o(i.nrfx_uart_init)
    nrfx_uart_rx                             0x00002ad5   Thumb Code   230  nrfx_uart.o(i.nrfx_uart_rx)
    nrfx_uart_tx                             0x00002bc1   Thumb Code   162  nrfx_uart.o(i.nrfx_uart_tx)
    nrfx_uart_tx_in_progress                 0x00002c69   Thumb Code    26  nrfx_uart.o(i.nrfx_uart_tx_in_progress)
    nrfx_uarte_0_irq_handler                 0x00002c89   Thumb Code     8  nrfx_uarte.o(i.nrfx_uarte_0_irq_handler)
    nrfx_uarte_init                          0x00002c99   Thumb Code   100  nrfx_uarte.o(i.nrfx_uarte_init)
    nrfx_uarte_rx                            0x00002d05   Thumb Code   256  nrfx_uarte.o(i.nrfx_uarte_rx)
    nrfx_uarte_tx                            0x00002e09   Thumb Code   166  nrfx_uarte.o(i.nrfx_uarte_tx)
    nrfx_uarte_tx_in_progress                0x00002eb5   Thumb Code    22  nrfx_uarte.o(i.nrfx_uarte_tx_in_progress)
    nvmc_config                              0x00002ed1   Thumb Code    14  system_nrf52.o(i.nvmc_config)
    printerConectCheckBMA456                 0x000030cd   Thumb Code    82  bma456.o(i.printerConectCheckBMA456)
    readAccXYZ                               0x0000316d   Thumb Code    22  bma456.o(i.readAccXYZ)
    setAccConf                               0x0000325d   Thumb Code    24  bma456.o(i.setAccConf)
    setAccRange                              0x00003275   Thumb Code    24  bma456.o(i.setAccRange)
    setInt2ToCtrl                            0x0000328d   Thumb Code    24  bma456.o(i.setInt2ToCtrl)
    setIntMapData                            0x000032a5   Thumb Code    24  bma456.o(i.setIntMapData)
    setPwrCrtl                               0x000032bd   Thumb Code    24  bma456.o(i.setPwrCrtl)
    setSoftResetBMA456                       0x000032d5   Thumb Code    24  bma456.o(i.setSoftResetBMA456)
    uart_error_handle                        0x000038f1   Thumb Code    18  uart.o(i.uart_error_handle)
    writeBMA456                              0x00003cfd   Thumb Code    10  bma456.o(i.writeBMA456)
    writeI2C                                 0x00003d09   Thumb Code    42  i2c.o(i.writeI2C)
    writeReadBMA456                          0x00003d39   Thumb Code    22  bma456.o(i.writeReadBMA456)
    writeReadI2C                             0x00003d51   Thumb Code    86  i2c.o(i.writeReadI2C)
    _get_lc_ctype                            0x00003e11   Thumb Code    44  lc_ctype_c.o(locale$$code)
    _fp_init                                 0x00003e3d   Thumb Code    10  fpinit.o(x$fpl$fpinit)
    __fplib_config_fpu_vfp                   0x00003e45   Thumb Code     0  fpinit.o(x$fpl$fpinit)
    __fplib_config_pureend_doubles           0x00003e45   Thumb Code     0  fpinit.o(x$fpl$fpinit)
    nrf_log_backend_rtt_api                  0x00003edc   Data          12  nrf_log_backend_rtt.o(.constdata)
    Region$$Table$$Base                      0x0000403c   Number         0  anon$$obj.o(Region$$Table)
    Region$$Table$$Limit                     0x0000405c   Number         0  anon$$obj.o(Region$$Table)
    __ctype                                  0x00004069   Data           0  lc_ctype_c.o(locale$$data)
    log_const_data$$Base                     0x0000417c   Number         0  nrfx_gpiote.o(log_const_data)
    m_nrf_log_GPIOTE_logs_data_const         0x0000417c   Data           8  nrfx_gpiote.o(log_const_data)
    m_nrf_log_PPI_logs_data_const            0x00004184   Data           8  nrfx_ppi.o(log_const_data)
    m_nrf_log_TIMER_logs_data_const          0x0000418c   Data           8  nrfx_timer.o(log_const_data)
    m_nrf_log_TWIM_logs_data_const           0x00004194   Data           8  nrfx_twim.o(log_const_data)
    m_nrf_log_UARTE_logs_data_const          0x0000419c   Data           8  nrfx_uarte.o(log_const_data)
    m_nrf_log_UART_logs_data_const           0x000041a4   Data           8  nrfx_uart.o(log_const_data)
    m_nrf_log_PRS_logs_data_const            0x000041ac   Data           8  nrfx_prs.o(log_const_data)
    m_nrf_log_SAADC_logs_data_const          0x000041b4   Data           8  nrfx_saadc.o(log_const_data)
    m_nrf_log_SPIM_logs_data_const           0x000041bc   Data           8  nrfx_spim.o(log_const_data)
    m_nrf_log_pwr_mgmt_logs_data_const       0x000041c4   Data           8  nrf_pwr_mgmt.o(log_const_data)
    m_nrf_log_app_button_logs_data_const     0x000041cc   Data           8  app_button.o(log_const_data)
    m_nrf_log_sortlist_logs_data_const       0x000041d4   Data           8  nrf_sortlist.o(log_const_data)
    m_nrf_log_app_timer_logs_data_const      0x000041dc   Data           8  app_timer2.o(log_const_data)
    m_nrf_log_app_logs_data_const            0x000041e4   Data           8  nrf_log_frontend.o(log_const_data)
    log_const_data$$Limit                    0x000041ec   Number         0  nrf_log_frontend.o(log_const_data)
    log_mempool                              0x000041ec   Data          20  nrf_log_frontend.o(nrf_balloc)
    nrf_drv_uart_use_easy_dma                0x20000010   Data           1  nrf_drv_uart.o(.data)
    flag125HzAD7171                          0x200000d8   Data           1  pinchangeinterrupt.o(.data)
    flag100HzBMA456                          0x200000d9   Data           1  pinchangeinterrupt.o(.data)
    SystemCoreClock                          0x200000dc   Data           4  system_nrf52.o(.data)
    _SEGGER_RTT                              0x20000828   Data         120  segger_rtt.o(.bss)
    __libspace_start                         0x20000cb0   Data          96  libspace.o(.bss)
    __temporary_stack_top$libspace           0x20000d10   Data           0  libspace.o(.bss)



==============================================================================

Memory Map of the image

  Image Entry point : 0x00000201

  Load Region LR_IROM1 (Base: 0x00000000, Size: 0x000042e0, Max: 0x00080000, ABSOLUTE)

    Execution Region ER_IROM1 (Exec base: 0x00000000, Load base: 0x00000000, Size: 0x00004200, Max: 0x00080000, ABSOLUTE)

    Exec Addr    Load Addr    Size         Type   Attr      Idx    E Section Name        Object

    0x00000000   0x00000000   0x00000200   Data   RO         5187    RESET               arm_startup_nrf52.o
    0x00000200   0x00000200   0x00000008   Code   RO         5266  * !!!main             c_w.l(__main.o)
    0x00000208   0x00000208   0x00000034   Code   RO         5435    !!!scatter          c_w.l(__scatter.o)
    0x0000023c   0x0000023c   0x0000001a   Code   RO         5437    !!handler_copy      c_w.l(__scatter_copy.o)
    0x00000256   0x00000256   0x00000002   PAD
    0x00000258   0x00000258   0x0000001c   Code   RO         5439    !!handler_zi        c_w.l(__scatter_zi.o)
    0x00000274   0x00000274   0x00000002   Code   RO         5353    .ARM.Collect$$libinit$$00000000  c_w.l(libinit.o)
    0x00000276   0x00000276   0x00000004   Code   RO         5297    .ARM.Collect$$libinit$$00000001  c_w.l(libinit2.o)
    0x0000027a   0x0000027a   0x00000000   Code   RO         5300    .ARM.Collect$$libinit$$00000004  c_w.l(libinit2.o)
    0x0000027a   0x0000027a   0x00000000   Code   RO         5303    .ARM.Collect$$libinit$$0000000A  c_w.l(libinit2.o)
    0x0000027a   0x0000027a   0x00000000   Code   RO         5305    .ARM.Collect$$libinit$$0000000C  c_w.l(libinit2.o)
    0x0000027a   0x0000027a   0x00000000   Code   RO         5307    .ARM.Collect$$libinit$$0000000E  c_w.l(libinit2.o)
    0x0000027a   0x0000027a   0x00000006   Code   RO         5308    .ARM.Collect$$libinit$$0000000F  c_w.l(libinit2.o)
    0x00000280   0x00000280   0x00000000   Code   RO         5310    .ARM.Collect$$libinit$$00000011  c_w.l(libinit2.o)
    0x00000280   0x00000280   0x0000000c   Code   RO         5311    .ARM.Collect$$libinit$$00000012  c_w.l(libinit2.o)
    0x0000028c   0x0000028c   0x00000000   Code   RO         5312    .ARM.Collect$$libinit$$00000013  c_w.l(libinit2.o)
    0x0000028c   0x0000028c   0x00000000   Code   RO         5314    .ARM.Collect$$libinit$$00000015  c_w.l(libinit2.o)
    0x0000028c   0x0000028c   0x00000000   Code   RO         5316    .ARM.Collect$$libinit$$00000017  c_w.l(libinit2.o)
    0x0000028c   0x0000028c   0x00000000   Code   RO         5318    .ARM.Collect$$libinit$$00000019  c_w.l(libinit2.o)
    0x0000028c   0x0000028c   0x00000000   Code   RO         5320    .ARM.Collect$$libinit$$0000001B  c_w.l(libinit2.o)
    0x0000028c   0x0000028c   0x00000000   Code   RO         5322    .ARM.Collect$$libinit$$0000001D  c_w.l(libinit2.o)
    0x0000028c   0x0000028c   0x00000000   Code   RO         5324    .ARM.Collect$$libinit$$0000001F  c_w.l(libinit2.o)
    0x0000028c   0x0000028c   0x00000000   Code   RO         5326    .ARM.Collect$$libinit$$00000021  c_w.l(libinit2.o)
    0x0000028c   0x0000028c   0x00000000   Code   RO         5328    .ARM.Collect$$libinit$$00000023  c_w.l(libinit2.o)
    0x0000028c   0x0000028c   0x00000000   Code   RO         5330    .ARM.Collect$$libinit$$00000025  c_w.l(libinit2.o)
    0x0000028c   0x0000028c   0x00000000   Code   RO         5334    .ARM.Collect$$libinit$$0000002C  c_w.l(libinit2.o)
    0x0000028c   0x0000028c   0x00000000   Code   RO         5336    .ARM.Collect$$libinit$$0000002E  c_w.l(libinit2.o)
    0x0000028c   0x0000028c   0x00000000   Code   RO         5338    .ARM.Collect$$libinit$$00000030  c_w.l(libinit2.o)
    0x0000028c   0x0000028c   0x00000000   Code   RO         5340    .ARM.Collect$$libinit$$00000032  c_w.l(libinit2.o)
    0x0000028c   0x0000028c   0x00000002   Code   RO         5341    .ARM.Collect$$libinit$$00000033  c_w.l(libinit2.o)
    0x0000028e   0x0000028e   0x00000002   Code   RO         5390    .ARM.Collect$$libshutdown$$00000000  c_w.l(libshutdown.o)
    0x00000290   0x00000290   0x00000000   Code   RO         5396    .ARM.Collect$$libshutdown$$00000002  c_w.l(libshutdown2.o)
    0x00000290   0x00000290   0x00000000   Code   RO         5398    .ARM.Collect$$libshutdown$$00000004  c_w.l(libshutdown2.o)
    0x00000290   0x00000290   0x00000000   Code   RO         5400    .ARM.Collect$$libshutdown$$00000006  c_w.l(libshutdown2.o)
    0x00000290   0x00000290   0x00000000   Code   RO         5403    .ARM.Collect$$libshutdown$$00000009  c_w.l(libshutdown2.o)
    0x00000290   0x00000290   0x00000000   Code   RO         5406    .ARM.Collect$$libshutdown$$0000000C  c_w.l(libshutdown2.o)
    0x00000290   0x00000290   0x00000000   Code   RO         5408    .ARM.Collect$$libshutdown$$0000000E  c_w.l(libshutdown2.o)
    0x00000290   0x00000290   0x00000000   Code   RO         5411    .ARM.Collect$$libshutdown$$00000011  c_w.l(libshutdown2.o)
    0x00000290   0x00000290   0x00000002   Code   RO         5412    .ARM.Collect$$libshutdown$$00000012  c_w.l(libshutdown2.o)
    0x00000292   0x00000292   0x00000000   Code   RO         5268    .ARM.Collect$$rtentry$$00000000  c_w.l(__rtentry.o)
    0x00000292   0x00000292   0x00000000   Code   RO         5281    .ARM.Collect$$rtentry$$00000002  c_w.l(__rtentry2.o)
    0x00000292   0x00000292   0x00000006   Code   RO         5293    .ARM.Collect$$rtentry$$00000004  c_w.l(__rtentry4.o)
    0x00000298   0x00000298   0x00000000   Code   RO         5283    .ARM.Collect$$rtentry$$00000009  c_w.l(__rtentry2.o)
    0x00000298   0x00000298   0x00000004   Code   RO         5284    .ARM.Collect$$rtentry$$0000000A  c_w.l(__rtentry2.o)
    0x0000029c   0x0000029c   0x00000000   Code   RO         5286    .ARM.Collect$$rtentry$$0000000C  c_w.l(__rtentry2.o)
    0x0000029c   0x0000029c   0x00000008   Code   RO         5287    .ARM.Collect$$rtentry$$0000000D  c_w.l(__rtentry2.o)
    0x000002a4   0x000002a4   0x00000002   Code   RO         5356    .ARM.Collect$$rtexit$$00000000  c_w.l(rtexit.o)
    0x000002a6   0x000002a6   0x00000000   Code   RO         5365    .ARM.Collect$$rtexit$$00000002  c_w.l(rtexit2.o)
    0x000002a6   0x000002a6   0x00000004   Code   RO         5366    .ARM.Collect$$rtexit$$00000003  c_w.l(rtexit2.o)
    0x000002aa   0x000002aa   0x00000006   Code   RO         5367    .ARM.Collect$$rtexit$$00000004  c_w.l(rtexit2.o)
    0x000002b0   0x000002b0   0x000000e2   Code   RO         2608    .emb_text           nrf_atomic.o
    0x00000392   0x00000392   0x00000002   PAD
    0x00000394   0x00000394   0x00000040   Code   RO         5188    .text               arm_startup_nrf52.o
    0x000003d4   0x000003d4   0x00000010   Code   RO         5246    .text               c_w.l(rt_ctype_table.o)
    0x000003e4   0x000003e4   0x00000048   Code   RO         5252    .text               c_w.l(strcpy.o)
    0x0000042c   0x0000042c   0x0000003e   Code   RO         5254    .text               c_w.l(strlen.o)
    0x0000046a   0x0000046a   0x0000008a   Code   RO         5256    .text               c_w.l(rt_memcpy_v6.o)
    0x000004f4   0x000004f4   0x00000064   Code   RO         5258    .text               c_w.l(rt_memcpy_w.o)
    0x00000558   0x00000558   0x0000004e   Code   RO         5262    .text               c_w.l(rt_memclr_w.o)
    0x000005a6   0x000005a6   0x00000006   Code   RO         5264    .text               c_w.l(heapauxi.o)
    0x000005ac   0x000005ac   0x00000008   Code   RO         5272    .text               c_w.l(rt_locale_intlibspace.o)
    0x000005b4   0x000005b4   0x00000008   Code   RO         5277    .text               c_w.l(libspace.o)
    0x000005bc   0x000005bc   0x00000080   Code   RO         5295    .text               c_w.l(strcmpv7m.o)
    0x0000063c   0x0000063c   0x0000004a   Code   RO         5342    .text               c_w.l(sys_stackheap_outer.o)
    0x00000686   0x00000686   0x00000012   Code   RO         5344    .text               c_w.l(exit.o)
    0x00000698   0x00000698   0x0000000c   Code   RO         5377    .text               c_w.l(sys_exit.o)
    0x000006a4   0x000006a4   0x00000002   Code   RO         5379    .text               c_w.l(use_no_semi.o)
    0x000006a6   0x000006a6   0x00000000   Code   RO         5381    .text               c_w.l(indicate_semi.o)
    0x000006a6   0x000006a6   0x00000002   PAD
    0x000006a8   0x000006a8   0x00000058   Code   RO         4582    i.BMA456            bma456.o
    0x00000700   0x00000700   0x000000a4   Code   RO          667    i.GPIOTE_IRQHandler  nrfx_gpiote.o
    0x000007a4   0x000007a4   0x00000014   Code   RO         4684    i.HandlerI2C        i2c.o
    0x000007b8   0x000007b8   0x00000010   Code   RO         3690    i.RTC1_IRQHandler   drv_rtc.o
    0x000007c8   0x000007c8   0x00000148   Code   RO         1977    i.SAADC_IRQHandler  nrfx_saadc.o
    0x00000910   0x00000910   0x00000004   Code   RO         4332    i.SEGGER_RTT_Init   segger_rtt.o
    0x00000914   0x00000914   0x0000005c   Code   RO         4346    i.SEGGER_RTT_WriteNoLock  segger_rtt.o
    0x00000970   0x00000970   0x00000010   Code   RO         1421    i.SPIM0_SPIS0_TWIM0_TWIS0_SPI0_TWI0_IRQHandler  nrfx_twim.o
    0x00000980   0x00000980   0x00000054   Code   RO         2258    i.SPIM1_SPIS1_TWIM1_TWIS1_SPI1_TWI1_IRQHandler  nrfx_spim.o
    0x000009d4   0x000009d4   0x000002d8   Code   RO         5196    i.SystemInit        system_nrf52.o
    0x00000cac   0x00000cac   0x00000014   Code   RO         1127    i.TIMER1_IRQHandler  nrfx_timer.o
    0x00000cc0   0x00000cc0   0x00000014   Code   RO         1128    i.TIMER2_IRQHandler  nrfx_timer.o
    0x00000cd4   0x00000cd4   0x00000014   Code   RO         1129    i.TIMER3_IRQHandler  nrfx_timer.o
    0x00000ce8   0x00000ce8   0x00000014   Code   RO         1130    i.TIMER4_IRQHandler  nrfx_timer.o
    0x00000cfc   0x00000cfc   0x0000000c   Code   RO         1923    i.UARTE0_UART0_IRQHandler  nrfx_prs.o
    0x00000d08   0x00000d08   0x00000068   Code   RO         4350    i._DoInit           segger_rtt.o
    0x00000d70   0x00000d70   0x00000016   Code   RO         4351    i._GetAvailWriteSpace  segger_rtt.o
    0x00000d86   0x00000d86   0x0000001a   Code   RO         1422    i._NRFX_IRQ_PENDING_CLEAR  nrfx_twim.o
    0x00000da0   0x00000da0   0x0000005a   Code   RO         4353    i._WriteBlocking    segger_rtt.o
    0x00000dfa   0x00000dfa   0x00000042   Code   RO         4354    i._WriteNoCheck     segger_rtt.o
    0x00000e3c   0x00000e3c   0x00000084   Code   RO         2491    i.app_error_fault_handler  app_error_weak.o
    0x00000ec0   0x00000ec0   0x00000016   Code   RO         2419    i.app_error_handler_bare  app_error.o
    0x00000ed6   0x00000ed6   0x00000016   Code   RO         3149    i.app_fifo_get      app_fifo.o
    0x00000eec   0x00000eec   0x00000020   Code   RO         3150    i.app_fifo_init     app_fifo.o
    0x00000f0c   0x00000f0c   0x0000001a   Code   RO         3152    i.app_fifo_put      app_fifo.o
    0x00000f26   0x00000f26   0x00000002   PAD
    0x00000f28   0x00000f28   0x000000a4   Code   RO         3224    i.app_uart_init     app_uart_fifo.o
    0x00000fcc   0x00000fcc   0x00000004   Code   RO         2519    i.app_util_critical_region_enter  app_util_platform.o
    0x00000fd0   0x00000fd0   0x00000004   Code   RO         2520    i.app_util_critical_region_exit  app_util_platform.o
    0x00000fd4   0x00000fd4   0x00000010   Code   RO         2521    i.app_util_disable_irq  app_util_platform.o
    0x00000fe4   0x00000fe4   0x00000014   Code   RO         2522    i.app_util_enable_irq  app_util_platform.o
    0x00000ff8   0x00000ff8   0x00000088   Code   RO         1584    i.apply_config      nrfx_uarte.o
    0x00001080   0x00001080   0x00000088   Code   RO         1744    i.apply_config      nrfx_uart.o
    0x00001108   0x00001108   0x0000008c   Code   RO         4080    i.buf_prealloc      nrf_log_frontend.o
    0x00001194   0x00001194   0x0000002e   Code   RO         2823    i.buffer_add        nrf_fprintf_format.o
    0x000011c2   0x000011c2   0x00000002   PAD
    0x000011c4   0x000011c4   0x00000018   Code   RO         4081    i.buffer_is_empty   nrf_log_frontend.o
    0x000011dc   0x000011dc   0x0000001c   Code   RO          668    i.channel_free      nrfx_gpiote.o
    0x000011f8   0x000011f8   0x00000048   Code   RO          669    i.channel_port_alloc  nrfx_gpiote.o
    0x00001240   0x00001240   0x00000010   Code   RO          670    i.channel_port_get  nrfx_gpiote.o
    0x00001250   0x00001250   0x00000034   Code   RO         4583    i.convAccXYZ        bma456.o
    0x00001284   0x00001284   0x0000000c   Code   RO         5075    i.disableBMA456ReadyPin100Hz  pinchangeinterrupt.o
    0x00001290   0x00001290   0x00000014   Code   RO         4082    i.dropped_sat16_get  nrf_log_frontend.o
    0x000012a4   0x000012a4   0x00000014   Code   RO         3155    i.fifo_get          app_fifo.o
    0x000012b8   0x000012b8   0x00000012   Code   RO         3156    i.fifo_put          app_fifo.o
    0x000012ca   0x000012ca   0x00000002   PAD
    0x000012cc   0x000012cc   0x00000018   Code   RO            4    i.handerLowPowerConsumption  main.o
    0x000012e4   0x000012e4   0x0000000c   Code   RO         5080    i.handlerBMA456     pinchangeinterrupt.o
    0x000012f0   0x000012f0   0x00000050   Code   RO         4584    i.initBMA456        bma456.o
    0x00001340   0x00001340   0x00000034   Code   RO         4685    i.initI2C           i2c.o
    0x00001374   0x00001374   0x00000046   Code   RO         4941    i.initNRF52Port     port.o
    0x000013ba   0x000013ba   0x00000002   PAD
    0x000013bc   0x000013bc   0x00000060   Code   RO            5    i.initPeripherals   main.o
    0x0000141c   0x0000141c   0x00000014   Code   RO         5082    i.initPinChangeInterrupt  pinchangeinterrupt.o
    0x00001430   0x00001430   0x00000030   Code   RO         5085    i.initRDYPinBMA456  pinchangeinterrupt.o
    0x00001460   0x00001460   0x0000001a   Code   RO         4846    i.initSeggerRTT     rtt.o
    0x0000147a   0x0000147a   0x00000002   PAD
    0x0000147c   0x0000147c   0x0000004c   Code   RO            6    i.initSensors       main.o
    0x000014c8   0x000014c8   0x00000048   Code   RO         4805    i.initUART          uart.o
    0x00001510   0x00001510   0x000000a6   Code   RO         2824    i.int_print         nrf_fprintf_format.o
    0x000015b6   0x000015b6   0x00000002   PAD
    0x000015b8   0x000015b8   0x00000088   Code   RO         1585    i.interrupts_enable  nrfx_uarte.o
    0x00001640   0x00001640   0x00000034   Code   RO         4083    i.invalid_packets_omit  nrf_log_frontend.o
    0x00001674   0x00001674   0x00000046   Code   RO         1131    i.irq_handler       nrfx_timer.o
    0x000016ba   0x000016ba   0x00000002   PAD
    0x000016bc   0x000016bc   0x0000000c   Code   RO         5088    i.isBMA456ReadyPin100Hz  pinchangeinterrupt.o
    0x000016c8   0x000016c8   0x00000002   Code   RO         4084    i.log_pending_hook  nrf_log_frontend.o
    0x000016ca   0x000016ca   0x00000002   PAD
    0x000016cc   0x000016cc   0x000000a4   Code   RO         4085    i.log_skip          nrf_log_frontend.o
    0x00001770   0x00001770   0x0000001e   Code   RO            7    i.main              main.o
    0x0000178e   0x0000178e   0x0000007e   Code   RO         2863    i.memobj_op         nrf_memobj.o
    0x0000180c   0x0000180c   0x00000030   Code   RO         4086    i.module_idx_get    nrf_log_frontend.o
    0x0000183c   0x0000183c   0x00000006   Code   RO         2610    i.nrf_atomic_flag_clear_fetch  nrf_atomic.o
    0x00001842   0x00001842   0x00000006   Code   RO         2611    i.nrf_atomic_flag_set  nrf_atomic.o
    0x00001848   0x00001848   0x0000000c   Code   RO         2613    i.nrf_atomic_u32_add  nrf_atomic.o
    0x00001854   0x00001854   0x0000000a   Code   RO         2617    i.nrf_atomic_u32_fetch_and  nrf_atomic.o
    0x0000185e   0x0000185e   0x0000000a   Code   RO         2619    i.nrf_atomic_u32_fetch_store  nrf_atomic.o
    0x00001868   0x00001868   0x0000000c   Code   RO         2623    i.nrf_atomic_u32_or  nrf_atomic.o
    0x00001874   0x00001874   0x0000000c   Code   RO         2625    i.nrf_atomic_u32_sub  nrf_atomic.o
    0x00001880   0x00001880   0x0000003e   Code   RO         2747    i.nrf_balloc_alloc  nrf_balloc.o
    0x000018be   0x000018be   0x0000002a   Code   RO         2748    i.nrf_balloc_free   nrf_balloc.o
    0x000018e8   0x000018e8   0x00000030   Code   RO         2749    i.nrf_balloc_init   nrf_balloc.o
    0x00001918   0x00001918   0x00000010   Code   RO          671    i.nrf_bitmask_bit_is_set  nrfx_gpiote.o
    0x00001928   0x00001928   0x00000020   Code   RO            8    i.nrf_delay_ms      main.o
    0x00001948   0x00001948   0x00000040   Code   RO         1286    i.nrf_drv_twi_init  nrf_drv_twi.o
    0x00001988   0x00001988   0x0000000e   Code   RO         4686    i.nrf_drv_twi_tx    i2c.o
    0x00001996   0x00001996   0x00000002   PAD
    0x00001998   0x00001998   0x00000068   Code   RO         1351    i.nrf_drv_uart_init  nrf_drv_uart.o
    0x00001a00   0x00001a00   0x00000020   Code   RO         3226    i.nrf_drv_uart_rx   app_uart_fifo.o
    0x00001a20   0x00001a20   0x00000020   Code   RO         3227    i.nrf_drv_uart_tx   app_uart_fifo.o
    0x00001a40   0x00001a40   0x0000001a   Code   RO         2784    i.nrf_fprintf       nrf_fprintf.o
    0x00001a5a   0x00001a5a   0x00000018   Code   RO         2785    i.nrf_fprintf_buffer_flush  nrf_fprintf.o
    0x00001a72   0x00001a72   0x000001da   Code   RO         2825    i.nrf_fprintf_fmt   nrf_fprintf_format.o
    0x00001c4c   0x00001c4c   0x00000024   Code   RO          672    i.nrf_gpio_cfg      nrfx_gpiote.o
    0x00001c70   0x00001c70   0x00000024   Code   RO         1423    i.nrf_gpio_cfg      nrfx_twim.o
    0x00001c94   0x00001c94   0x00000024   Code   RO         1586    i.nrf_gpio_cfg      nrfx_uarte.o
    0x00001cb8   0x00001cb8   0x00000024   Code   RO         1745    i.nrf_gpio_cfg      nrfx_uart.o
    0x00001cdc   0x00001cdc   0x00000024   Code   RO         4947    i.nrf_gpio_cfg      port.o
    0x00001d00   0x00001d00   0x00000012   Code   RO         1588    i.nrf_gpio_cfg_input  nrfx_uarte.o
    0x00001d12   0x00001d12   0x00000012   Code   RO         1747    i.nrf_gpio_cfg_input  nrfx_uart.o
    0x00001d24   0x00001d24   0x00000014   Code   RO         1589    i.nrf_gpio_cfg_output  nrfx_uarte.o
    0x00001d38   0x00001d38   0x00000014   Code   RO         1748    i.nrf_gpio_cfg_output  nrfx_uart.o
    0x00001d4c   0x00001d4c   0x00000022   Code   RO          674    i.nrf_gpio_cfg_sense_set  nrfx_gpiote.o
    0x00001d6e   0x00001d6e   0x00000002   PAD
    0x00001d70   0x00001d70   0x0000002c   Code   RO          675    i.nrf_gpio_latches_read_and_clear  nrfx_gpiote.o
    0x00001d9c   0x00001d9c   0x0000000e   Code   RO         2261    i.nrf_gpio_pin_clear  nrfx_spim.o
    0x00001daa   0x00001daa   0x00000022   Code   RO         4949    i.nrf_gpio_pin_dir_set  port.o
    0x00001dcc   0x00001dcc   0x0000001e   Code   RO          676    i.nrf_gpio_pin_present_check  nrfx_gpiote.o
    0x00001dea   0x00001dea   0x0000000e   Code   RO         1287    i.nrf_gpio_pin_set  nrf_drv_twi.o
    0x00001df8   0x00001df8   0x0000000e   Code   RO         2262    i.nrf_gpio_pin_set  nrfx_spim.o
    0x00001e06   0x00001e06   0x00000002   PAD
    0x00001e08   0x00001e08   0x00000014   Code   RO          677    i.nrf_gpiote_event_clear  nrfx_gpiote.o
    0x00001e1c   0x00001e1c   0x00000010   Code   RO          678    i.nrf_gpiote_event_is_set  nrfx_gpiote.o
    0x00001e2c   0x00001e2c   0x0000005c   Code   RO         4087    i.nrf_log_backend_add  nrf_log_frontend.o
    0x00001e88   0x00001e88   0x00000002   Code   RO         3926    i.nrf_log_backend_rtt_flush  nrf_log_backend_rtt.o
    0x00001e8a   0x00001e8a   0x00000004   Code   RO         3927    i.nrf_log_backend_rtt_init  nrf_log_backend_rtt.o
    0x00001e8e   0x00001e8e   0x00000002   Code   RO         3928    i.nrf_log_backend_rtt_panic_set  nrf_log_backend_rtt.o
    0x00001e90   0x00001e90   0x00000018   Code   RO         3929    i.nrf_log_backend_rtt_put  nrf_log_backend_rtt.o
    0x00001ea8   0x00001ea8   0x000000c2   Code   RO         3992    i.nrf_log_backend_serial_put  nrf_log_backend_serial.o
    0x00001f6a   0x00001f6a   0x00000002   PAD
    0x00001f6c   0x00001f6c   0x00000030   Code   RO         4089    i.nrf_log_color_id_get  nrf_log_frontend.o
    0x00001f9c   0x00001f9c   0x0000001c   Code   RO         4044    i.nrf_log_default_backends_init  nrf_log_default_backends.o
    0x00001fb8   0x00001fb8   0x00000230   Code   RO         4090    i.nrf_log_frontend_dequeue  nrf_log_frontend.o
    0x000021e8   0x000021e8   0x00000008   Code   RO         4092    i.nrf_log_frontend_std_0  nrf_log_frontend.o
    0x000021f0   0x000021f0   0x00000012   Code   RO         4095    i.nrf_log_frontend_std_3  nrf_log_frontend.o
    0x00002202   0x00002202   0x00000002   PAD
    0x00002204   0x00002204   0x000000b0   Code   RO         4273    i.nrf_log_hexdump_entry_process  nrf_log_str_formatter.o
    0x000022b4   0x000022b4   0x00000028   Code   RO         4099    i.nrf_log_init      nrf_log_frontend.o
    0x000022dc   0x000022dc   0x00000014   Code   RO         4100    i.nrf_log_module_cnt_get  nrf_log_frontend.o
    0x000022f0   0x000022f0   0x0000001c   Code   RO         4103    i.nrf_log_module_name_get  nrf_log_frontend.o
    0x0000230c   0x0000230c   0x00000028   Code   RO         4104    i.nrf_log_panic     nrf_log_frontend.o
    0x00002334   0x00002334   0x000000b6   Code   RO         4274    i.nrf_log_std_entry_process  nrf_log_str_formatter.o
    0x000023ea   0x000023ea   0x00000060   Code   RO         2864    i.nrf_memobj_alloc  nrf_memobj.o
    0x0000244a   0x0000244a   0x00000032   Code   RO         2865    i.nrf_memobj_free   nrf_memobj.o
    0x0000247c   0x0000247c   0x00000008   Code   RO         2866    i.nrf_memobj_get    nrf_memobj.o
    0x00002484   0x00002484   0x00000004   Code   RO         2867    i.nrf_memobj_pool_init  nrf_memobj.o
    0x00002488   0x00002488   0x0000001e   Code   RO         2868    i.nrf_memobj_put    nrf_memobj.o
    0x000024a6   0x000024a6   0x00000010   Code   RO         2869    i.nrf_memobj_read   nrf_memobj.o
    0x000024b6   0x000024b6   0x00000010   Code   RO         2870    i.nrf_memobj_write  nrf_memobj.o
    0x000024c6   0x000024c6   0x00000002   PAD
    0x000024c8   0x000024c8   0x00000028   Code   RO         2939    i.nrf_pwr_mgmt_init  nrf_pwr_mgmt.o
    0x000024f0   0x000024f0   0x00000034   Code   RO         2940    i.nrf_pwr_mgmt_run  nrf_pwr_mgmt.o
    0x00002524   0x00002524   0x0000001c   Code   RO         3022    i.nrf_ringbuf_init  nrf_ringbuf.o
    0x00002540   0x00002540   0x00000010   Code   RO         1978    i.nrf_saadc_buffer_init  nrfx_saadc.o
    0x00002550   0x00002550   0x00000010   Code   RO         1980    i.nrf_saadc_event_check  nrfx_saadc.o
    0x00002560   0x00002560   0x00000014   Code   RO         1981    i.nrf_saadc_event_clear  nrfx_saadc.o
    0x00002574   0x00002574   0x0000000a   Code   RO         3080    i.nrf_section_iter_init  nrf_section_iter.o
    0x0000257e   0x0000257e   0x00000024   Code   RO         3081    i.nrf_section_iter_item_set  nrf_section_iter.o
    0x000025a2   0x000025a2   0x0000000a   Code   RO         2263    i.nrf_spim_event_check  nrfx_spim.o
    0x000025ac   0x000025ac   0x0000000c   Code   RO         1132    i.nrf_timer_event_clear  nrfx_timer.o
    0x000025b8   0x000025b8   0x0000000a   Code   RO         1425    i.nrf_twim_event_check  nrfx_twim.o
    0x000025c2   0x000025c2   0x0000000c   Code   RO         1426    i.nrf_twim_event_clear  nrfx_twim.o
    0x000025ce   0x000025ce   0x0000000a   Code   RO         1749    i.nrf_uart_event_check  nrfx_uart.o
    0x000025d8   0x000025d8   0x0000000c   Code   RO         1750    i.nrf_uart_event_clear  nrfx_uart.o
    0x000025e4   0x000025e4   0x0000000c   Code   RO         1751    i.nrf_uart_int_enable_check  nrfx_uart.o
    0x000025f0   0x000025f0   0x0000000a   Code   RO         1590    i.nrf_uarte_event_check  nrfx_uarte.o
    0x000025fa   0x000025fa   0x0000000c   Code   RO         1591    i.nrf_uarte_event_clear  nrfx_uarte.o
    0x00002606   0x00002606   0x00000002   PAD
    0x00002608   0x00002608   0x00000010   Code   RO         1288    i.nrfx_coredep_delay_us  nrf_drv_twi.o
    0x00002618   0x00002618   0x00000010   Code   RO         4585    i.nrfx_coredep_delay_us  bma456.o
    0x00002628   0x00002628   0x000000a0   Code   RO          684    i.nrfx_gpiote_in_event_enable  nrfx_gpiote.o
    0x000026c8   0x000026c8   0x000000cc   Code   RO          686    i.nrfx_gpiote_in_init  nrfx_gpiote.o
    0x00002794   0x00002794   0x00000074   Code   RO          689    i.nrfx_gpiote_init  nrfx_gpiote.o
    0x00002808   0x00002808   0x00000010   Code   RO         1427    i.nrfx_is_in_ram    nrfx_twim.o
    0x00002818   0x00002818   0x00000010   Code   RO         1592    i.nrfx_is_in_ram    nrfx_uarte.o
    0x00002828   0x00002828   0x00000030   Code   RO         1924    i.nrfx_prs_acquire  nrfx_prs.o
    0x00002858   0x00002858   0x00000024   Code   RO         1429    i.nrfx_twim_enable  nrfx_twim.o
    0x0000287c   0x0000287c   0x000000e4   Code   RO         1430    i.nrfx_twim_init    nrfx_twim.o
    0x00002960   0x00002960   0x00000030   Code   RO         1432    i.nrfx_twim_rx      nrfx_twim.o
    0x00002990   0x00002990   0x00000036   Code   RO         1435    i.nrfx_twim_tx      nrfx_twim.o
    0x000029c6   0x000029c6   0x00000002   PAD
    0x000029c8   0x000029c8   0x00000028   Code   RO         1437    i.nrfx_twim_xfer    nrfx_twim.o
    0x000029f0   0x000029f0   0x00000010   Code   RO         1752    i.nrfx_uart_0_irq_handler  nrfx_uart.o
    0x00002a00   0x00002a00   0x000000d4   Code   RO         1754    i.nrfx_uart_init    nrfx_uart.o
    0x00002ad4   0x00002ad4   0x000000ec   Code   RO         1755    i.nrfx_uart_rx      nrfx_uart.o
    0x00002bc0   0x00002bc0   0x000000a8   Code   RO         1760    i.nrfx_uart_tx      nrfx_uart.o
    0x00002c68   0x00002c68   0x00000020   Code   RO         1762    i.nrfx_uart_tx_in_progress  nrfx_uart.o
    0x00002c88   0x00002c88   0x00000010   Code   RO         1593    i.nrfx_uarte_0_irq_handler  nrfx_uarte.o
    0x00002c98   0x00002c98   0x0000006c   Code   RO         1595    i.nrfx_uarte_init   nrfx_uarte.o
    0x00002d04   0x00002d04   0x00000104   Code   RO         1596    i.nrfx_uarte_rx     nrfx_uarte.o
    0x00002e08   0x00002e08   0x000000ac   Code   RO         1599    i.nrfx_uarte_tx     nrfx_uarte.o
    0x00002eb4   0x00002eb4   0x0000001c   Code   RO         1601    i.nrfx_uarte_tx_in_progress  nrfx_uarte.o
    0x00002ed0   0x00002ed0   0x00000018   Code   RO         5197    i.nvmc_config       system_nrf52.o
    0x00002ee8   0x00002ee8   0x0000001c   Code   RO          708    i.pin_configured_set  nrfx_gpiote.o
    0x00002f04   0x00002f04   0x00000018   Code   RO          709    i.pin_in_use_by_port  nrfx_gpiote.o
    0x00002f1c   0x00002f1c   0x00000018   Code   RO          710    i.pin_in_use_by_te  nrfx_gpiote.o
    0x00002f34   0x00002f34   0x000000b4   Code   RO          711    i.port_event_handle  nrfx_gpiote.o
    0x00002fe8   0x00002fe8   0x00000010   Code   RO          712    i.port_handler_polarity_get  nrfx_gpiote.o
    0x00002ff8   0x00002ff8   0x0000003c   Code   RO         4276    i.postfix_process   nrf_log_str_formatter.o
    0x00003034   0x00003034   0x00000098   Code   RO         4277    i.prefix_process    nrf_log_str_formatter.o
    0x000030cc   0x000030cc   0x00000088   Code   RO         4586    i.printerConectCheckBMA456  bma456.o
    0x00003154   0x00003154   0x00000018   Code   RO         1926    i.prs_box_get       nrfx_prs.o
    0x0000316c   0x0000316c   0x00000020   Code   RO         4587    i.readAccXYZ        bma456.o
    0x0000318c   0x0000318c   0x00000032   Code   RO         1764    i.rx_byte           nrfx_uart.o
    0x000031be   0x000031be   0x00000016   Code   RO         1603    i.rx_done_event     nrfx_uarte.o
    0x000031d4   0x000031d4   0x00000016   Code   RO         1765    i.rx_done_event     nrfx_uart.o
    0x000031ea   0x000031ea   0x00000020   Code   RO         1766    i.rx_enable         nrfx_uart.o
    0x0000320a   0x0000320a   0x00000002   PAD
    0x0000320c   0x0000320c   0x00000050   Code   RO         3930    i.serial_tx         nrf_log_backend_rtt.o
    0x0000325c   0x0000325c   0x00000018   Code   RO         4588    i.setAccConf        bma456.o
    0x00003274   0x00003274   0x00000018   Code   RO         4589    i.setAccRange       bma456.o
    0x0000328c   0x0000328c   0x00000018   Code   RO         4590    i.setInt2ToCtrl     bma456.o
    0x000032a4   0x000032a4   0x00000018   Code   RO         4591    i.setIntMapData     bma456.o
    0x000032bc   0x000032bc   0x00000018   Code   RO         4592    i.setPwrCrtl        bma456.o
    0x000032d4   0x000032d4   0x00000018   Code   RO         4593    i.setSoftResetBMA456  bma456.o
    0x000032ec   0x000032ec   0x00000098   Code   RO         4106    i.std_n             nrf_log_frontend.o
    0x00003384   0x00003384   0x000000aa   Code   RO         1289    i.twi_clear_bus     nrf_drv_twi.o
    0x0000342e   0x0000342e   0x00000002   PAD
    0x00003430   0x00003430   0x00000040   Code   RO         1290    i.twim_evt_handler  nrf_drv_twi.o
    0x00003470   0x00003470   0x00000194   Code   RO         1438    i.twim_irq_handler  nrfx_twim.o
    0x00003604   0x00003604   0x00000298   Code   RO         1439    i.twim_xfer         nrfx_twim.o
    0x0000389c   0x0000389c   0x00000020   Code   RO         1767    i.tx_byte           nrfx_uart.o
    0x000038bc   0x000038bc   0x0000001a   Code   RO         1604    i.tx_done_event     nrfx_uarte.o
    0x000038d6   0x000038d6   0x0000001a   Code   RO         1768    i.tx_done_event     nrfx_uart.o
    0x000038f0   0x000038f0   0x00000012   Code   RO         4806    i.uart_error_handle  uart.o
    0x00003902   0x00003902   0x00000002   PAD
    0x00003904   0x00003904   0x000000a4   Code   RO         3228    i.uart_event_handler  app_uart_fifo.o
    0x000039a8   0x000039a8   0x00000030   Code   RO         1352    i.uart_evt_handler  nrf_drv_uart.o
    0x000039d8   0x000039d8   0x0000012a   Code   RO         1769    i.uart_irq_handler  nrfx_uart.o
    0x00003b02   0x00003b02   0x00000002   PAD
    0x00003b04   0x00003b04   0x00000030   Code   RO         1353    i.uarte_evt_handler  nrf_drv_uart.o
    0x00003b34   0x00003b34   0x00000112   Code   RO         1605    i.uarte_irq_handler  nrfx_uarte.o
    0x00003c46   0x00003c46   0x00000002   PAD
    0x00003c48   0x00003c48   0x000000b4   Code   RO         2826    i.unsigned_print    nrf_fprintf_format.o
    0x00003cfc   0x00003cfc   0x0000000a   Code   RO         4594    i.writeBMA456       bma456.o
    0x00003d06   0x00003d06   0x00000002   PAD
    0x00003d08   0x00003d08   0x00000030   Code   RO         4687    i.writeI2C          i2c.o
    0x00003d38   0x00003d38   0x00000016   Code   RO         4595    i.writeReadBMA456   bma456.o
    0x00003d4e   0x00003d4e   0x00000002   PAD
    0x00003d50   0x00003d50   0x0000005c   Code   RO         4688    i.writeReadI2C      i2c.o
    0x00003dac   0x00003dac   0x00000062   Code   RO         1440    i.xfer_completeness_check  nrfx_twim.o
    0x00003e0e   0x00003e0e   0x00000002   PAD
    0x00003e10   0x00003e10   0x0000002c   Code   RO         5275    locale$$code        c_w.l(lc_ctype_c.o)
    0x00003e3c   0x00003e3c   0x0000000a   Code   RO         5354    x$fpl$fpinit        fz_wm.l(fpinit.o)
    0x00003e46   0x00003e46   0x0000000a   PAD
    0x00003e50   0x00003e50   0x00000006   Data   RO            9    .constdata          main.o
    0x00003e56   0x00003e56   0x00000002   PAD
    0x00003e58   0x00003e58   0x00000004   Data   RO          714    .constdata          nrfx_gpiote.o
    0x00003e5c   0x00003e5c   0x00000004   PAD
    0x00003e60   0x00003e60   0x00000006   Data   RO         1291    .constdata          nrf_drv_twi.o
    0x00003e66   0x00003e66   0x00000002   PAD
    0x00003e68   0x00003e68   0x00000018   Data   RO         1443    .constdata          nrfx_twim.o
    0x00003e80   0x00003e80   0x00000004   Data   RO         1608    .constdata          nrfx_uarte.o
    0x00003e84   0x00003e84   0x00000004   Data   RO         1772    .constdata          nrfx_uart.o
    0x00003e88   0x00003e88   0x00000010   Data   RO         2827    .constdata          nrf_fprintf_format.o
    0x00003e98   0x00003e98   0x00000018   Data   RO         2944    .constdata          nrf_pwr_mgmt.o
    0x00003eb0   0x00003eb0   0x0000000c   Data   RO         2945    .constdata          nrf_pwr_mgmt.o
    0x00003ebc   0x00003ebc   0x00000020   Data   RO         3230    .constdata          app_uart_fifo.o
    0x00003edc   0x00003edc   0x0000000c   Data   RO         3932    .constdata          nrf_log_backend_rtt.o
    0x00003ee8   0x00003ee8   0x00000008   PAD
    0x00003ef0   0x00003ef0   0x00000006   Data   RO         3933    .constdata          nrf_log_backend_rtt.o
    0x00003ef6   0x00003ef6   0x00000002   PAD
    0x00003ef8   0x00003ef8   0x0000000c   Data   RO         4111    .constdata          nrf_log_frontend.o
    0x00003f04   0x00003f04   0x0000000c   PAD
    0x00003f10   0x00003f10   0x00000006   Data   RO         4596    .constdata          bma456.o
    0x00003f16   0x00003f16   0x00000002   PAD
    0x00003f18   0x00003f18   0x00000010   Data   RO         4689    .constdata          i2c.o
    0x00003f28   0x00003f28   0x00000018   Data   RO         4808    .constdata          uart.o
    0x00003f40   0x00003f40   0x0000000f   Data   RO         5089    .constdata          pinchangeinterrupt.o
    0x00003f4f   0x00003f4f   0x00000001   PAD
    0x00003f50   0x00003f50   0x00000066   Data   RO         4278    .conststring        nrf_log_str_formatter.o
    0x00003fb6   0x00003fb6   0x00000002   PAD
    0x00003fb8   0x00003fb8   0x00000007   Data   RO          718    .conststrlit        nrfx_gpiote.o
    0x00003fbf   0x00003fbf   0x00000001   PAD
    0x00003fc0   0x00003fc0   0x00000004   Data   RO         1013    .conststrlit        nrfx_ppi.o
    0x00003fc4   0x00003fc4   0x00000006   Data   RO         1149    .conststrlit        nrfx_timer.o
    0x00003fca   0x00003fca   0x00000002   PAD
    0x00003fcc   0x00003fcc   0x00000005   Data   RO         1446    .conststrlit        nrfx_twim.o
    0x00003fd1   0x00003fd1   0x00000003   PAD
    0x00003fd4   0x00003fd4   0x00000006   Data   RO         1611    .conststrlit        nrfx_uarte.o
    0x00003fda   0x00003fda   0x00000002   PAD
    0x00003fdc   0x00003fdc   0x00000005   Data   RO         1775    .conststrlit        nrfx_uart.o
    0x00003fe1   0x00003fe1   0x00000003   PAD
    0x00003fe4   0x00003fe4   0x00000004   Data   RO         1928    .conststrlit        nrfx_prs.o
    0x00003fe8   0x00003fe8   0x00000006   Data   RO         2005    .conststrlit        nrfx_saadc.o
    0x00003fee   0x00003fee   0x00000002   PAD
    0x00003ff0   0x00003ff0   0x00000005   Data   RO         2277    .conststrlit        nrfx_spim.o
    0x00003ff5   0x00003ff5   0x00000003   PAD
    0x00003ff8   0x00003ff8   0x00000009   Data   RO         2946    .conststrlit        nrf_pwr_mgmt.o
    0x00004001   0x00004001   0x00000003   PAD
    0x00004004   0x00004004   0x0000000b   Data   RO         3349    .conststrlit        app_button.o
    0x0000400f   0x0000400f   0x00000001   PAD
    0x00004010   0x00004010   0x00000009   Data   RO         3500    .conststrlit        nrf_sortlist.o
    0x00004019   0x00004019   0x00000003   PAD
    0x0000401c   0x0000401c   0x0000000a   Data   RO         3572    .conststrlit        app_timer2.o
    0x00004026   0x00004026   0x00000002   PAD
    0x00004028   0x00004028   0x00000010   Data   RO         4045    .conststrlit        nrf_log_default_backends.o
    0x00004038   0x00004038   0x00000004   Data   RO         4112    .conststrlit        nrf_log_frontend.o
    0x0000403c   0x0000403c   0x00000020   Data   RO         5433    Region$$Table       anon$$obj.o
    0x0000405c   0x0000405c   0x00000110   Data   RO         5274    locale$$data        c_w.l(lc_ctype_c.o)
    0x0000416c   0x0000416c   0x00000010   Data   RO         4047    log_backends        nrf_log_default_backends.o
    0x0000417c   0x0000417c   0x00000008   Data   RO          719    log_const_data      nrfx_gpiote.o
    0x00004184   0x00004184   0x00000008   Data   RO         1015    log_const_data      nrfx_ppi.o
    0x0000418c   0x0000418c   0x00000008   Data   RO         1150    log_const_data      nrfx_timer.o
    0x00004194   0x00004194   0x00000008   Data   RO         1447    log_const_data      nrfx_twim.o
    0x0000419c   0x0000419c   0x00000008   Data   RO         1612    log_const_data      nrfx_uarte.o
    0x000041a4   0x000041a4   0x00000008   Data   RO         1776    log_const_data      nrfx_uart.o
    0x000041ac   0x000041ac   0x00000008   Data   RO         1930    log_const_data      nrfx_prs.o
    0x000041b4   0x000041b4   0x00000008   Data   RO         2006    log_const_data      nrfx_saadc.o
    0x000041bc   0x000041bc   0x00000008   Data   RO         2278    log_const_data      nrfx_spim.o
    0x000041c4   0x000041c4   0x00000008   Data   RO         2948    log_const_data      nrf_pwr_mgmt.o
    0x000041cc   0x000041cc   0x00000008   Data   RO         3352    log_const_data      app_button.o
    0x000041d4   0x000041d4   0x00000008   Data   RO         3501    log_const_data      nrf_sortlist.o
    0x000041dc   0x000041dc   0x00000008   Data   RO         3575    log_const_data      app_timer2.o
    0x000041e4   0x000041e4   0x00000008   Data   RO         4116    log_const_data      nrf_log_frontend.o
    0x000041ec   0x000041ec   0x00000014   Data   RO         4117    nrf_balloc          nrf_log_frontend.o


    Execution Region RW_IRAM1 (Exec base: 0x20000000, Load base: 0x00004200, Size: 0x00002d10, Max: 0x00010000, ABSOLUTE)

    Exec Addr    Load Addr    Size         Type   Attr      Idx    E Section Name        Object

    0x20000000   0x00004200   0x00000010   Data   RW         1292    .data               nrf_drv_twi.o
    0x20000010   0x00004210   0x0000000c   Data   RW         1354    .data               nrf_drv_uart.o
    0x2000001c   0x0000421c   0x00000008   Data   RW         1929    .data               nrfx_prs.o
    0x20000024   0x00004224   0x00000004   Data   RW         2525    .data               app_util_platform.o
    0x20000028   0x00004228   0x00000008   Data   RW         2947    .data               nrf_pwr_mgmt.o
    0x20000030   0x00004230   0x0000001c   Data   RW         3231    .data               app_uart_fifo.o
    0x2000004c   0x0000424c   0x0000000c   Data   RW         3714    .data               drv_rtc.o
    0x20000058   0x00004258   0x00000001   Data   RW         3934    .data               nrf_log_backend_rtt.o
    0x20000059   0x00004259   0x00000003   PAD
    0x2000005c   0x0000425c   0x00000008   Data   RW         4046    .data               nrf_log_default_backends.o
    0x20000064   0x00004264   0x00000004   Data   RW         4113    .data               nrf_log_frontend.o
    0x20000068   0x00004268   0x00000008   Data   RW         4114    .data               nrf_log_frontend.o
    0x20000070   0x00004270   0x00000008   Data   RW         4115    .data               nrf_log_frontend.o
    0x20000078   0x00004278   0x00000040   Data   RW         4279    .data               nrf_log_str_formatter.o
    0x200000b8   0x000042b8   0x0000000c   Data   RW         4597    .data               bma456.o
    0x200000c4   0x000042c4   0x00000014   Data   RW         4690    .data               i2c.o
    0x200000d8   0x000042d8   0x00000002   Data   RW         5090    .data               pinchangeinterrupt.o
    0x200000da   0x000042da   0x00000002   PAD
    0x200000dc   0x000042dc   0x00000004   Data   RW         5199    .data               system_nrf52.o
    0x200000e0        -       0x0000005c   Zero   RW          713    .bss                nrfx_gpiote.o
    0x2000013c        -       0x00000030   Zero   RW         1147    .bss                nrfx_timer.o
    0x2000016c        -       0x00000034   Zero   RW         1441    .bss                nrfx_twim.o
    0x200001a0        -       0x00000024   Zero   RW         1606    .bss                nrfx_uarte.o
    0x200001c4        -       0x0000002c   Zero   RW         1770    .bss                nrfx_uart.o
    0x200001f0        -       0x00000030   Zero   RW         1996    .bss                nrfx_saadc.o
    0x20000220        -       0x00000024   Zero   RW         2272    .bss                nrfx_spim.o
    0x20000244        -       0x0000000c   Zero   RW         2943    .bss                nrf_pwr_mgmt.o
    0x20000250        -       0x00000020   Zero   RW         3229    .bss                app_uart_fifo.o
    0x20000270        -       0x00000040   Zero   RW         3931    .bss                nrf_log_backend_rtt.o
    0x200002b0        -       0x000000c0   Zero   RW         4107    .bss                nrf_log_frontend.o
    0x20000370        -       0x00000080   Zero   RW         4108    .bss                nrf_log_frontend.o
    0x200003f0        -       0x00000018   Zero   RW         4109    .bss                nrf_log_frontend.o
    0x20000408        -       0x00000420   Zero   RW         4110    .bss                nrf_log_frontend.o
    0x20000828        -       0x00000288   Zero   RW         4355    .bss                segger_rtt.o
    0x20000ab0        -       0x00000200   Zero   RW         4807    .bss                uart.o
    0x20000cb0        -       0x00000060   Zero   RW         5278    .bss                c_w.l(libspace.o)
    0x20000d10        -       0x00001000   Zero   RW         5186    HEAP                arm_startup_nrf52.o
    0x20001d10        -       0x00001000   Zero   RW         5185    STACK               arm_startup_nrf52.o


==============================================================================

Image component sizes


      Code (inc. data)   RO Data    RW Data    ZI Data      Debug   Object Name

         0          0         19          0          0       5715   app_button.o
        22          0          0          0          0       2365   app_error.o
         0          0          0          0          0        416   app_error_handler_keil.o
       132         46          0          0          0      30833   app_error_weak.o
       118          0          0          0          0       4418   app_fifo.o
         0          0         18          0          0       5638   app_timer2.o
       392         36         32         28         32      13524   app_uart_fifo.o
        44         10          0          4          0       2820   app_util_platform.o
        64         26        512          0       8192        920   arm_startup_nrf52.o
       580        102          6         12          0       8228   bma456.o
         0          0          0          0          0        548   boards.o
        16          4          0         12          0       4573   drv_rtc.o
       226         32         16         20          0       7849   i2c.o
       258         82          6          0          0      83404   main.o
       294          0          0          0          0       6991   nrf_atomic.o
       152          0          0          0          0       3200   nrf_balloc.o
       328         16          6         16          0      21887   nrf_drv_twi.o
       200         26          0         12          0      16932   nrf_drv_uart.o
        50          0          0          0          0       3225   nrf_fprintf.o
       866          4         16          0          0       6126   nrf_fprintf_format.o
       112         18         18          1         64       4893   nrf_log_backend_rtt.o
       194          0          0          0          0      10581   nrf_log_backend_serial.o
        28          4         32          8          0       3073   nrf_log_default_backends.o
      1456        130         44         20       1400      27736   nrf_log_frontend.o
       570        108        102         64          0       5144   nrf_log_str_formatter.o
       346          0          0          0          0       7315   nrf_memobj.o
         0          0          0          0          0       1500   nrf_nvic.o
        92         18         53          8         12      41842   nrf_pwr_mgmt.o
        28          0          0          0          0       2095   nrf_ringbuf.o
        46          0          0          0          0       1788   nrf_section_iter.o
         0          0         17          0          0        877   nrf_sortlist.o
      1228        100         19          0         92      65339   nrfx_gpiote.o
         0          0         12          0          0        336   nrfx_ppi.o
        84         16         12          8          0       3289   nrfx_prs.o
       380         22         14          0         48      12786   nrfx_saadc.o
       122          6         13          0         36      13432   nrfx_spim.o
       162         40         14          0         48      44758   nrfx_timer.o
      1688         42         37          0         52      62748   nrfx_twim.o
      1368         38         17          0         44      21369   nrfx_uart.o
      1290         36         18          0         36      24907   nrfx_uarte.o
       104         22         15          2          0       3793   pinchangeinterrupt.o
       140          0          0          0          0       5488   port.o
        26          0          0          0          0        812   rtt.o
       378         34          0          0        648       8322   segger_rtt.o
       752         78          0          4          0      32601   system_nrf52.o
        90         18         24          0        512       1579   uart.o

    ----------------------------------------------------------------------
     14476       1114       1184        224      11216     638015   Object Totals
         0          0         32          0          0          0   (incl. Generated)
        50          0         60          5          0          0   (incl. Padding)

    ----------------------------------------------------------------------

      Code (inc. data)   RO Data    RW Data    ZI Data      Debug   Library Member Name

         8          0          0          0          0         68   __main.o
         0          0          0          0          0          0   __rtentry.o
        12          0          0          0          0          0   __rtentry2.o
         6          0          0          0          0          0   __rtentry4.o
        52          8          0          0          0          0   __scatter.o
        26          0          0          0          0          0   __scatter_copy.o
        28          0          0          0          0          0   __scatter_zi.o
        18          0          0          0          0         80   exit.o
         6          0          0          0          0        152   heapauxi.o
         0          0          0          0          0          0   indicate_semi.o
        44         10        272          0          0         76   lc_ctype_c.o
         2          0          0          0          0          0   libinit.o
        24          0          0          0          0          0   libinit2.o
         2          0          0          0          0          0   libshutdown.o
         2          0          0          0          0          0   libshutdown2.o
         8          4          0          0         96         68   libspace.o
        16          4          0          0          0         76   rt_ctype_table.o
         8          4          0          0          0         68   rt_locale_intlibspace.o
        78          0          0          0          0         80   rt_memclr_w.o
       138          0          0          0          0         68   rt_memcpy_v6.o
       100          0          0          0          0         80   rt_memcpy_w.o
         2          0          0          0          0          0   rtexit.o
        10          0          0          0          0          0   rtexit2.o
       128          0          0          0          0         68   strcmpv7m.o
        72          0          0          0          0         80   strcpy.o
        62          0          0          0          0         76   strlen.o
        12          4          0          0          0         68   sys_exit.o
        74          0          0          0          0         80   sys_stackheap_outer.o
         2          0          0          0          0         68   use_no_semi.o
        10          0          0          0          0        116   fpinit.o

    ----------------------------------------------------------------------
       964         34        272          0         96       1372   Library Totals
        14          0          0          0          0          0   (incl. Padding)

    ----------------------------------------------------------------------

      Code (inc. data)   RO Data    RW Data    ZI Data      Debug   Library Name

       940         34        272          0         96       1256   c_w.l
        10          0          0          0          0        116   fz_wm.l

    ----------------------------------------------------------------------
       964         34        272          0         96       1372   Library Totals

    ----------------------------------------------------------------------

==============================================================================


      Code (inc. data)   RO Data    RW Data    ZI Data      Debug   

     15440       1148       1456        224      11312     618563   Grand Totals
     15440       1148       1456        224      11312     618563   ELF Image Totals
     15440       1148       1456        224          0          0   ROM Totals

==============================================================================

    Total RO  Size (Code + RO Data)                16896 (  16.50kB)
    Total RW  Size (RW Data + ZI Data)             11536 (  11.27kB)
    Total ROM Size (Code + RO Data + RW Data)      17120 (  16.72kB)

==============================================================================

